Component: ARM Compiler 5.06 update 7 (build 960) Tool: armlink [4d3601]

==============================================================================

Section Cross References

    lab4.o(i.Device_Initialization) refers to lab4.o(i.sys_clock_timer_init) for sys_clock_timer_init
    lab4.o(i.EXTI0_IRQHandler) refers to _printf_percent.o(.ARM.Collect$$_printf_percent$$00000000) for _printf_percent
    lab4.o(i.EXTI0_IRQHandler) refers to _printf_x.o(.ARM.Collect$$_printf_percent$$0000000C) for _printf_x
    lab4.o(i.EXTI0_IRQHandler) refers to _printf_hex_int_ptr.o(.text) for _printf_longlong_hex
    lab4.o(i.EXTI0_IRQHandler) refers to noretval__2printf.o(.text) for __2printf
    lab4.o(i.EXTI0_IRQHandler) refers to lab4.o(.data) for msTicks
    lab4.o(i.EXTI1_IRQHandler) refers to _printf_percent.o(.ARM.Collect$$_printf_percent$$00000000) for _printf_percent
    lab4.o(i.EXTI1_IRQHandler) refers to _printf_x.o(.ARM.Collect$$_printf_percent$$0000000C) for _printf_x
    lab4.o(i.EXTI1_IRQHandler) refers to _printf_hex_int_ptr.o(.text) for _printf_longlong_hex
    lab4.o(i.EXTI1_IRQHandler) refers to noretval__2printf.o(.text) for __2printf
    lab4.o(i.EXTI1_IRQHandler) refers to lab4.o(.data) for msTicks
    lab4.o(i.EXTI2_IRQHandler) refers to _printf_percent.o(.ARM.Collect$$_printf_percent$$00000000) for _printf_percent
    lab4.o(i.EXTI2_IRQHandler) refers to _printf_x.o(.ARM.Collect$$_printf_percent$$0000000C) for _printf_x
    lab4.o(i.EXTI2_IRQHandler) refers to _printf_hex_int_ptr.o(.text) for _printf_longlong_hex
    lab4.o(i.EXTI2_IRQHandler) refers to noretval__2printf.o(.text) for __2printf
    lab4.o(i.EXTI2_IRQHandler) refers to lab4.o(.data) for msTicks
    lab4.o(i.SysTick_Handler) refers to lab4.o(.data) for msTicks
    lab4.o(i.main) refers to _printf_percent.o(.ARM.Collect$$_printf_percent$$00000000) for _printf_percent
    lab4.o(i.main) refers to _printf_x.o(.ARM.Collect$$_printf_percent$$0000000C) for _printf_x
    lab4.o(i.main) refers to _printf_hex_int_ptr.o(.text) for _printf_longlong_hex
    lab4.o(i.main) refers to noretval__2printf.o(.text) for __2printf
    lab4.o(i.main) refers to lab4.o(i.Device_Initialization) for Device_Initialization
    lab4.o(i.main) refers to fgets.o(.text) for fgets
    lab4.o(i.main) refers to stock_exchange.o(i.stock_exchange_init) for stock_exchange_init
    lab4.o(i.main) refers to lab4.o(i.__NVIC_EnableIRQ) for __NVIC_EnableIRQ
    lab4.o(i.main) refers to stock_exchange.o(i.stock_exchange_update) for stock_exchange_update
    lab4.o(i.main) refers to stock_exchange.o(i.stock_exchange_display_stats) for stock_exchange_display_stats
    lab4.o(i.main) refers to lab4.o(i.__NVIC_DisableIRQ) for __NVIC_DisableIRQ
    lab4.o(i.main) refers to lab4.o(.bss) for textbuffer
    lab4.o(i.main) refers to retarget.o(.data) for __stdin
    lab4.o(i.main) refers to lab4.o(.data) for msTicks
    lab4.o(i.sys_clock_timer_init) refers to noretval__2printf.o(.text) for __2printf
    lab4.o(i.sys_clock_timer_init) refers to system_stm32f4xx.o(.data) for SystemCoreClock
    retarget.o(.rev16_text) refers (Special) to use_no_semi.o(.text) for __use_no_semihosting_swi
    retarget.o(.revsh_text) refers (Special) to use_no_semi.o(.text) for __use_no_semihosting_swi
    retarget.o(.rrx_text) refers (Special) to use_no_semi.o(.text) for __use_no_semihosting_swi
    retarget.o(i.ITM_SendChar) refers (Special) to use_no_semi.o(.text) for __use_no_semihosting_swi
    retarget.o(i._sys_exit) refers (Special) to use_no_semi.o(.text) for __use_no_semihosting_swi
    retarget.o(i._ttywrch) refers (Special) to use_no_semi.o(.text) for __use_no_semihosting_swi
    retarget.o(i._ttywrch) refers to retarget.o(i.ITM_SendChar) for ITM_SendChar
    retarget.o(i.ferror) refers (Special) to use_no_semi.o(.text) for __use_no_semihosting_swi
    retarget.o(i.fgetc) refers (Special) to use_no_semi.o(.text) for __use_no_semihosting_swi
    retarget.o(i.fgetc) refers to retarget.o(i.ITM_SendChar) for ITM_SendChar
    retarget.o(i.fgetc) refers to retarget.o(.data) for ITM_RxBuffer
    retarget.o(i.fputc) refers (Special) to use_no_semi.o(.text) for __use_no_semihosting_swi
    retarget.o(i.fputc) refers to retarget.o(i.ITM_SendChar) for ITM_SendChar
    retarget.o(.data) refers (Special) to use_no_semi.o(.text) for __use_no_semihosting_swi
    svc.o(.text) refers to svc_1.o(i.SVC_Handler_c) for SVC_Handler_c
    svc_1.o(i.SVC_Handler_c) refers to svc_1.o(i.__SVC_0) for __SVC_0
    svc_1.o(i.SVC_Handler_c) refers to svc_1.o(i.__SVC_1) for __SVC_1
    svc_1.o(i.SVC_Handler_c) refers to svc_1.o(i.__SVC_2) for __SVC_2
    svc_1.o(i.SVC_Handler_c) refers to svc_1.o(i.__SVC_3) for __SVC_3
    svc_1.o(i.__SVC_0) refers to _printf_percent.o(.ARM.Collect$$_printf_percent$$00000000) for _printf_percent
    svc_1.o(i.__SVC_0) refers to _printf_s.o(.ARM.Collect$$_printf_percent$$00000014) for _printf_s
[...]
    libinit.o(.ARM.Collect$$libinit$$00000000) refers (Special) to libinit2.o(.ARM.Collect$$libinit$$00000015) for __rt_lib_init_lc_monetary_1
    libinit.o(.ARM.Collect$$libinit$$00000000) refers (Special) to libinit2.o(.ARM.Collect$$libinit$$00000017) for __rt_lib_init_lc_numeric_1
    libinit.o(.ARM.Collect$$libinit$$00000000) refers (Special) to libinit2.o(.ARM.Collect$$libinit$$00000019) for __rt_lib_init_lc_time_1
    libinit.o(.ARM.Collect$$libinit$$00000000) refers (Special) to libinit2.o(.ARM.Collect$$libinit$$00000004) for __rt_lib_init_preinit_1
    libinit.o(.ARM.Collect$$libinit$$00000000) refers (Special) to libinit2.o(.ARM.Collect$$libinit$$0000000E) for __rt_lib_init_rand_1
    libinit.o(.ARM.Collect$$libinit$$00000000) refers (Special) to libinit2.o(.ARM.Collect$$libinit$$00000033) for __rt_lib_init_return
    libinit.o(.ARM.Collect$$libinit$$00000000) refers (Special) to libinit2.o(.ARM.Collect$$libinit$$0000001D) for __rt_lib_init_signal_1
    libinit.o(.ARM.Collect$$libinit$$00000000) refers (Special) to libinit2.o(.ARM.Collect$$libinit$$00000025) for __rt_lib_init_stdio_1
    libinit.o(.ARM.Collect$$libinit$$00000000) refers (Special) to libinit2.o(.ARM.Collect$$libinit$$0000000C) for __rt_lib_init_user_alloc_1
    sys_command.o(.text) refers (Special) to use_no_semi.o(.text) for __I$use$semihosting
    sys_command.o(.text) refers (Special) to indicate_semi.o(.text) for __semihosting_library_function
    libspace.o(.text) refers to libspace.o(.bss) for __libspace_start
    rtexit.o(.ARM.Collect$$rtexit$$00000000) refers (Special) to rtexit2.o(.ARM.Collect$$rtexit$$00000004) for __rt_exit_exit
    rtexit.o(.ARM.Collect$$rtexit$$00000000) refers (Special) to rtexit2.o(.ARM.Collect$$rtexit$$00000003) for __rt_exit_ls
    rtexit.o(.ARM.Collect$$rtexit$$00000000) refers (Special) to rtexit2.o(.ARM.Collect$$rtexit$$00000002) for __rt_exit_prels_1
    rtexit.o(.ARM.exidx) refers (Special) to rtexit2.o(.ARM.Collect$$rtexit$$00000004) for __rt_exit_exit
    rtexit.o(.ARM.exidx) refers (Special) to rtexit2.o(.ARM.Collect$$rtexit$$00000003) for __rt_exit_ls
    rtexit.o(.ARM.exidx) refers (Special) to rtexit2.o(.ARM.Collect$$rtexit$$00000002) for __rt_exit_prels_1
    rtexit.o(.ARM.exidx) refers to rtexit.o(.ARM.Collect$$rtexit$$00000000) for .ARM.Collect$$rtexit$$00000000
    defsig_rtmem_outer.o(.text) refers to defsig_rtmem_inner.o(.text) for __rt_SIGRTMEM_inner
    defsig_rtmem_outer.o(.text) refers to defsig_exit.o(.text) for __sig_exit
    defsig_rtmem_formal.o(.text) refers to rt_raise.o(.text) for __rt_raise
    rtexit2.o(.ARM.Collect$$rtexit$$00000003) refers to libshutdown.o(.ARM.Collect$$libshutdown$$00000000) for __rt_lib_shutdown
    rtexit2.o(.ARM.Collect$$rtexit$$00000004) refers to retarget.o(i._sys_exit) for _sys_exit
    rtexit2.o(.ARM.exidx) refers to rtexit2.o(.ARM.Collect$$rtexit$$00000001) for .ARM.Collect$$rtexit$$00000001
    rtexit2.o(.ARM.exidx) refers to rtexit2.o(.ARM.Collect$$rtexit$$00000003) for .ARM.Collect$$rtexit$$00000003
    rtexit2.o(.ARM.exidx) refers to rtexit2.o(.ARM.Collect$$rtexit$$00000004) for .ARM.Collect$$rtexit$$00000004
    rt_raise.o(.text) refers to __raise.o(.text) for __raise
    rt_raise.o(.text) refers to retarget.o(i._sys_exit) for _sys_exit
    defsig_exit.o(.text) refers to retarget.o(i._sys_exit) for _sys_exit
    defsig_rtmem_inner.o(.text) refers to defsig_general.o(.text) for __default_signal_display
    __raise.o(.text) refers to defsig.o(CL$$defsig) for __default_signal_handler
    defsig_general.o(.text) refers to retarget.o(i._ttywrch) for _ttywrch
    libshutdown.o(.ARM.Collect$$libshutdown$$00000000) refers (Special) to libshutdown2.o(.ARM.Collect$$libshutdown$$00000004) for __rt_lib_shutdown_cpp_1
    libshutdown.o(.ARM.Collect$$libshutdown$$00000000) refers (Special) to libshutdown2.o(.ARM.Collect$$libshutdown$$00000002) for __rt_lib_shutdown_fini_1
    libshutdown.o(.ARM.Collect$$libshutdown$$00000000) refers (Special) to libshutdown2.o(.ARM.Collect$$libshutdown$$00000009) for __rt_lib_shutdown_fp_trap_1
    libshutdown.o(.ARM.Collect$$libshutdown$$00000000) refers (Special) to libshutdown2.o(.ARM.Collect$$libshutdown$$00000011) for __rt_lib_shutdown_heap_1
    libshutdown.o(.ARM.Collect$$libshutdown$$00000000) refers (Special) to libshutdown2.o(.ARM.Collect$$libshutdown$$00000012) for __rt_lib_shutdown_return
    libshutdown.o(.ARM.Collect$$libshutdown$$00000000) refers (Special) to libshutdown2.o(.ARM.Collect$$libshutdown$$0000000C) for __rt_lib_shutdown_signal_1
    libshutdown.o(.ARM.Collect$$libshutdown$$00000000) refers (Special) to libshutdown2.o(.ARM.Collect$$libshutdown$$00000006) for __rt_lib_shutdown_stdio_1
    libshutdown.o(.ARM.Collect$$libshutdown$$00000000) refers (Special) to libshutdown2.o(.ARM.Collect$$libshutdown$$0000000E) for __rt_lib_shutdown_user_alloc_1
    defsig.o(CL$$defsig) refers to defsig_rtmem_inner.o(.text) for __rt_SIGRTMEM_inner
    defsig_abrt_inner.o(.text) refers to defsig_general.o(.text) for __default_signal_display
    defsig_fpe_inner.o(.text) refers to defsig_general.o(.text) for __default_signal_display
    defsig_rtred_inner.o(.text) refers to defsig_general.o(.text) for __default_signal_display
    defsig_stak_inner.o(.text) refers to defsig_general.o(.text) for __default_signal_display
    defsig_pvfn_inner.o(.text) refers to defsig_general.o(.text) for __default_signal_display
    defsig_cppl_inner.o(.text) refers to defsig_general.o(.text) for __default_signal_display
    defsig_segv_inner.o(.text) refers to defsig_general.o(.text) for __default_signal_display
    defsig_other.o(.text) refers to defsig_general.o(.text) for __default_signal_display


==============================================================================

Removing Unused input sections from the image.

    Removing lab4.o(.rev16_text), (4 bytes).
    Removing lab4.o(.revsh_text), (4 bytes).
    Removing lab4.o(.rrx_text), (6 bytes).
    Removing retarget.o(.rev16_text), (4 bytes).
    Removing retarget.o(.revsh_text), (4 bytes).
    Removing retarget.o(.rrx_text), (6 bytes).
    Removing retarget.o(i._ttywrch), (12 bytes).
    Removing svc_1.o(.rev16_text), (4 bytes).
    Removing svc_1.o(.revsh_text), (4 bytes).
    Removing svc_1.o(.rrx_text), (6 bytes).
    Removing stock.o(.rev16_text), (4 bytes).
    Removing stock.o(.revsh_text), (4 bytes).
    Removing stock.o(.rrx_text), (6 bytes).
    Removing investor.o(.rev16_text), (4 bytes).
    Removing investor.o(.revsh_text), (4 bytes).
    Removing investor.o(.rrx_text), (6 bytes).
    Removing stock_exchange.o(.rev16_text), (4 bytes).
    Removing stock_exchange.o(.revsh_text), (4 bytes).
    Removing stock_exchange.o(.rrx_text), (6 bytes).
    Removing system_stm32f4xx.o(.rev16_text), (4 bytes).
    Removing system_stm32f4xx.o(.revsh_text), (4 bytes).
    Removing system_stm32f4xx.o(.rrx_text), (6 bytes).
    Removing system_stm32f4xx.o(i.SystemCoreClockUpdate), (192 bytes).
    Removing system_stm32f4xx.o(.constdata), (24 bytes).

24 unused section(s) (total 326 bytes) removed from the image.

==============================================================================

Image Symbol Table

    Local Symbols

    Symbol Name                              Value     Ov Type        Size  Object(Section)

    ../clib/angel/boardlib.s                 0x00000000   Number         0  boardinit1.o ABSOLUTE
    ../clib/angel/boardlib.s                 0x00000000   Number         0  boardinit3.o ABSOLUTE
    ../clib/angel/boardlib.s                 0x00000000   Number         0  boardshut.o ABSOLUTE
    ../clib/angel/boardlib.s                 0x00000000   Number         0  boardinit2.o ABSOLUTE
    ../clib/angel/handlers.s                 0x00000000   Number         0  __scatter_zi.o ABSOLUTE
    ../clib/angel/handlers.s                 0x00000000   Number         0  __scatter_copy.o ABSOLUTE
    ../clib/angel/kernel.s                   0x00000000   Number         0  rtexit2.o ABSOLUTE
    ../clib/angel/kernel.s                   0x00000000   Number         0  __rtentry2.o ABSOLUTE
    ../clib/angel/kernel.s                   0x00000000   Number         0  rtexit.o ABSOLUTE
    ../clib/angel/kernel.s                   0x00000000   Number         0  __rtentry4.o ABSOLUTE
    ../clib/angel/kernel.s                   0x00000000   Number         0  __rtentry.o ABSOLUTE
    ../clib/angel/rt.s                       0x00000000   Number         0  rt_raise.o ABSOLUTE
    ../clib/angel/scatter.s                  0x00000000   Number         0  __scatter.o ABSOLUTE
    ../clib/angel/startup.s                  0x00000000   Number         0  __main.o ABSOLUTE
    ../clib/angel/sys.s                      0x00000000   Number         0  sys_stackheap_outer.o ABSOLUTE
    ../clib/angel/sys.s                      0x00000000   Number         0  indicate_semi.o ABSOLUTE
    ../clib/angel/sys.s                      0x00000000   Number         0  use_no_semi.o ABSOLUTE
    ../clib/angel/sys.s                      0x00000000   Number         0  libspace.o ABSOLUTE
    ../clib/angel/sysapp.c                   0x00000000   Number         0  sys_command.o ABSOLUTE
    ../clib/armsys.c                         0x00000000   Number         0  argv_veneer.o ABSOLUTE
    ../clib/armsys.c                         0x00000000   Number         0  argv_veneer.o ABSOLUTE
    ../clib/armsys.c                         0x00000000   Number         0  _get_argv_nomalloc.o ABSOLUTE
    ../clib/armsys.c                         0x00000000   Number         0  no_argv.o ABSOLUTE
    ../clib/heapalloc.c                      0x00000000   Number         0  hrguard.o ABSOLUTE
    ../clib/heapaux.c                        0x00000000   Number         0  heapauxi.o ABSOLUTE
    ../clib/libinit.s                        0x00000000   Number         0  libshutdown2.o ABSOLUTE
    ../clib/libinit.s                        0x00000000   Number         0  libinit2.o ABSOLUTE
    ../clib/libinit.s                        0x00000000   Number         0  libinit.o ABSOLUTE
    ../clib/libinit.s                        0x00000000   Number         0  libshutdown.o ABSOLUTE
    ../clib/memcpset.s                       0x00000000   Number         0  rt_memcpy_v6.o ABSOLUTE
    ../clib/memcpset.s                       0x00000000   Number         0  rt_memclr_w.o ABSOLUTE
    ../clib/memcpset.s                       0x00000000   Number         0  rt_memcpy_w.o ABSOLUTE
    ../clib/misc.s                           0x00000000   Number         0  printf_stubs.o ABSOLUTE
    ../clib/printf.c                         0x00000000   Number         0  _printf_hex_ptr.o ABSOLUTE
    ../clib/printf.c                         0x00000000   Number         0  __printf_nopercent.o ABSOLUTE
    ../clib/printf.c                         0x00000000   Number         0  _printf_hex_ll_ptr.o ABSOLUTE
    ../clib/printf.c                         0x00000000   Number         0  _printf_hex_int_ll_ptr.o ABSOLUTE
    ../clib/printf.c                         0x00000000   Number         0  __printf_flags.o ABSOLUTE
    ../clib/printf.c                         0x00000000   Number         0  __printf_ss.o ABSOLUTE
    ../clib/printf.c                         0x00000000   Number         0  __printf_flags_ss.o ABSOLUTE
    ../clib/printf.c                         0x00000000   Number         0  __printf_wp.o ABSOLUTE
    ../clib/printf.c                         0x00000000   Number         0  __printf_flags_wp.o ABSOLUTE
    ../clib/printf.c                         0x00000000   Number         0  __printf_ss_wp.o ABSOLUTE
    ../clib/printf.c                         0x00000000   Number         0  __printf_flags_ss_wp.o ABSOLUTE
    ../clib/printf.c                         0x00000000   Number         0  _printf_char_file.o ABSOLUTE
    ../clib/printf.c                         0x00000000   Number         0  _printf_char.o ABSOLUTE
    ../clib/printf.c                         0x00000000   Number         0  _sputc.o ABSOLUTE
    ../clib/printf.c                         0x00000000   Number         0  _printf_char_common.o ABSOLUTE
    ../clib/printf.c                         0x00000000   Number         0  _printf_intcommon.o ABSOLUTE
    ../clib/printf.c                         0x00000000   Number         0  _printf_hex_int_ptr.o ABSOLUTE
    ../clib/printf.c                         0x00000000   Number         0  __2printf.o ABSOLUTE
    ../clib/printf.c                         0x00000000   Number         0  __2sprintf.o ABSOLUTE
    ../clib/printf.c                         0x00000000   Number         0  noretval__2printf.o ABSOLUTE
    ../clib/printf.c                         0x00000000   Number         0  noretval__2sprintf.o ABSOLUTE
    ../clib/printf.c                         0x00000000   Number         0  __printf.o ABSOLUTE
    ../clib/printf.c                         0x00000000   Number         0  _printf_pad.o ABSOLUTE
    ../clib/printf.c                         0x00000000   Number         0  _printf_str.o ABSOLUTE
    ../clib/printf.c                         0x00000000   Number         0  _printf_dec.o ABSOLUTE
    ../clib/printf.c                         0x00000000   Number         0  _printf_hex_ll.o ABSOLUTE
    ../clib/printf.c                         0x00000000   Number         0  _printf_hex_int.o ABSOLUTE
    ../clib/printf.c                         0x00000000   Number         0  _printf_hex_int_ll.o ABSOLUTE
    ../clib/printf_percent.s                 0x00000000   Number         0  _printf_p.o ABSOLUTE
    ../clib/printf_percent.s                 0x00000000   Number         0  _printf_s.o ABSOLUTE
    ../clib/printf_percent.s                 0x00000000   Number         0  _printf_x.o ABSOLUTE
    ../clib/printf_percent.s                 0x00000000   Number         0  _printf_percent.o ABSOLUTE
    ../clib/printf_percent.s                 0x00000000   Number         0  _printf_d.o ABSOLUTE
    ../clib/printf_percent.s                 0x00000000   Number         0  _printf_percent_end.o ABSOLUTE
    ../clib/signal.c                         0x00000000   Number         0  defsig_segv_inner.o ABSOLUTE
    ../clib/signal.c                         0x00000000   Number         0  defsig_general.o ABSOLUTE
    ../clib/signal.c                         0x00000000   Number         0  __raise.o ABSOLUTE
    ../clib/signal.c                         0x00000000   Number         0  defsig_rtmem_inner.o ABSOLUTE
    ../clib/signal.c                         0x00000000   Number         0  defsig_exit.o ABSOLUTE
    ../clib/signal.c                         0x00000000   Number         0  defsig_other.o ABSOLUTE
    ../clib/signal.c                         0x00000000   Number         0  defsig_rtmem_formal.o ABSOLUTE
    ../clib/signal.c                         0x00000000   Number         0  defsig_rtmem_outer.o ABSOLUTE
    ../clib/signal.c                         0x00000000   Number         0  defsig_cppl_inner.o ABSOLUTE
    ../clib/signal.c                         0x00000000   Number         0  defsig_pvfn_inner.o ABSOLUTE
    ../clib/signal.c                         0x00000000   Number         0  defsig_stak_inner.o ABSOLUTE
    ../clib/signal.c                         0x00000000   Number         0  defsig_rtred_inner.o ABSOLUTE
    ../clib/signal.c                         0x00000000   Number         0  defsig_fpe_inner.o ABSOLUTE
    ../clib/signal.c                         0x00000000   Number         0  defsig_abrt_inner.o ABSOLUTE
    ../clib/signal.s                         0x00000000   Number         0  defsig.o ABSOLUTE
    ../clib/stdio.c                          0x00000000   Number         0  fgets.o ABSOLUTE
    ../clib/stdlib.c                         0x00000000   Number         0  rand.o ABSOLUTE
    ../clib/stdlib.c                         0x00000000   Number         0  rand.o ABSOLUTE
    ../clib/stdlib.c                         0x00000000   Number         0  exit.o ABSOLUTE
    ../clib/string.c                         0x00000000   Number         0  strlen.o ABSOLUTE
    ../fplib/daddsub.s                       0x00000000   Number         0  daddsub_clz.o ABSOLUTE
    ../fplib/dcmpi.s                         0x00000000   Number         0  dcmpi.o ABSOLUTE
    ../fplib/ddiv.s                          0x00000000   Number         0  ddiv.o ABSOLUTE
    ../fplib/dfix.s                          0x00000000   Number         0  dfix.o ABSOLUTE
    ../fplib/dfixu.s                         0x00000000   Number         0  dfixu.o ABSOLUTE
    ../fplib/dflt.s                          0x00000000   Number         0  dflt_clz.o ABSOLUTE
    ../fplib/dleqf.s                         0x00000000   Number         0  dleqf.o ABSOLUTE
    ../fplib/dmul.s                          0x00000000   Number         0  dmul.o ABSOLUTE
    ../fplib/dnaninf.s                       0x00000000   Number         0  dnaninf.o ABSOLUTE
    ../fplib/dretinf.s                       0x00000000   Number         0  dretinf.o ABSOLUTE
    ../fplib/fpinit.s                        0x00000000   Number         0  fpinit.o ABSOLUTE
    ../fplib/usenofp.s                       0x00000000   Number         0  usenofp.o ABSOLUTE
    RTE\Device\STM32F417VGTx\startup_stm32f417xx.s 0x00000000   Number         0  startup_stm32f417xx.o ABSOLUTE
    RTE\Device\STM32F417VGTx\system_stm32f4xx.c 0x00000000   Number         0  system_stm32f4xx.o ABSOLUTE
    RTE\\Device\\STM32F417VGTx\\system_stm32f4xx.c 0x00000000   Number         0  system_stm32f4xx.o ABSOLUTE
    dc.s                                     0x00000000   Number         0  dc.o ABSOLUTE
    investor.c                               0x00000000   Number         0  investor.o ABSOLUTE
    investor.c                               0x00000000   Number         0  investor.o ABSOLUTE
    lab4.c                                   0x00000000   Number         0  lab4.o ABSOLUTE
    lab4.c                                   0x00000000   Number         0  lab4.o ABSOLUTE
    retarget.c                               0x00000000   Number         0  retarget.o ABSOLUTE
    retarget.c                               0x00000000   Number         0  retarget.o ABSOLUTE
    stock.c                                  0x00000000   Number         0  stock.o ABSOLUTE
    stock.c                                  0x00000000   Number         0  stock.o ABSOLUTE
    stock_exchange.c                         0x00000000   Number         0  stock_exchange.o ABSOLUTE
    stock_exchange.c                         0x00000000   Number         0  stock_exchange.o ABSOLUTE
    svc.c                                    0x00000000   Number         0  svc_1.o ABSOLUTE
    svc.c                                    0x00000000   Number         0  svc_1.o ABSOLUTE
    svc.s                                    0x00000000   Number         0  svc.o ABSOLUTE
    RESET                                    0x08000000   Section      392  startup_stm32f417xx.o(RESET)
    !!!main                                  0x08000188   Section        8  __main.o(!!!main)
    !!!scatter                               0x08000190   Section       52  __scatter.o(!!!scatter)
    !!handler_copy                           0x080001c4   Section       26  __scatter_copy.o(!!handler_copy)
    !!handler_zi                             0x080001e0   Section       28  __scatter_zi.o(!!handler_zi)
    .ARM.Collect$$_printf_percent$$00000000  0x080001fc   Section        0  _printf_percent.o(.ARM.Collect$$_printf_percent$$00000000)
    .ARM.Collect$$_printf_percent$$00000002  0x080001fc   Section        6  _printf_p.o(.ARM.Collect$$_printf_percent$$00000002)
    .ARM.Collect$$_printf_percent$$00000009  0x08000202   Section        6  _printf_d.o(.ARM.Collect$$_printf_percent$$00000009)
    .ARM.Collect$$_printf_percent$$0000000C  0x08000208   Section        6  _printf_x.o(.ARM.Collect$$_printf_percent$$0000000C)
    .ARM.Collect$$_printf_percent$$00000014  0x0800020e   Section        6  _printf_s.o(.ARM.Collect$$_printf_percent$$00000014)
    .ARM.Collect$$_printf_percent$$00000017  0x08000214   Section        4  _printf_percent_end.o(.ARM.Collect$$_printf_percent$$00000017)
    .ARM.Collect$$libinit$$00000000          0x08000218   Section        2  libinit.o(.ARM.Collect$$libinit$$00000000)
    .ARM.Collect$$libinit$$00000001          0x0800021a   Section        4  libinit2.o(.ARM.Collect$$libinit$$00000001)
    .ARM.Collect$$libinit$$00000004          0x0800021e   Section        0  libinit2.o(.ARM.Collect$$libinit$$00000004)
    .ARM.Collect$$libinit$$0000000A          0x0800021e   Section        0  libinit2.o(.ARM.Collect$$libinit$$0000000A)
    .ARM.Collect$$libinit$$0000000C          0x0800021e   Section        0  libinit2.o(.ARM.Collect$$libinit$$0000000C)
    .ARM.Collect$$libinit$$0000000D          0x0800021e   Section        4  libinit2.o(.ARM.Collect$$libinit$$0000000D)
    .ARM.Collect$$libinit$$0000000E          0x08000222   Section        0  libinit2.o(.ARM.Collect$$libinit$$0000000E)
    .ARM.Collect$$libinit$$00000011          0x08000222   Section        0  libinit2.o(.ARM.Collect$$libinit$$00000011)
    .ARM.Collect$$libinit$$00000013          0x08000222   Section        0  libinit2.o(.ARM.Collect$$libinit$$00000013)
    .ARM.Collect$$libinit$$00000015          0x08000222   Section        0  libinit2.o(.ARM.Collect$$libinit$$00000015)
    .ARM.Collect$$libinit$$00000017          0x08000222   Section        0  libinit2.o(.ARM.Collect$$libinit$$00000017)
    .ARM.Collect$$libinit$$00000019          0x08000222   Section        0  libinit2.o(.ARM.Collect$$libinit$$00000019)
    .ARM.Collect$$libinit$$0000001B          0x08000222   Section        0  libinit2.o(.ARM.Collect$$libinit$$0000001B)
    .ARM.Collect$$libinit$$0000001D          0x08000222   Section        0  libinit2.o(.ARM.Collect$$libinit$$0000001D)
    .ARM.Collect$$libinit$$0000001F          0x08000222   Section        0  libinit2.o(.ARM.Collect$$libinit$$0000001F)
    .ARM.Collect$$libinit$$00000021          0x08000222   Section        0  libinit2.o(.ARM.Collect$$libinit$$00000021)
    .ARM.Collect$$libinit$$00000023          0x08000222   Section        0  libinit2.o(.ARM.Collect$$libinit$$00000023)
    .ARM.Collect$$libinit$$00000025          0x08000222   Section        0  libinit2.o(.ARM.Collect$$libinit$$00000025)
    .ARM.Collect$$libinit$$0000002C          0x08000222   Section        0  libinit2.o(.ARM.Collect$$libinit$$0000002C)
    .ARM.Collect$$libinit$$0000002E          0x08000222   Section        0  libinit2.o(.ARM.Collect$$libinit$$0000002E)
    .ARM.Collect$$libinit$$00000030          0x08000222   Section        0  libinit2.o(.ARM.Collect$$libinit$$00000030)
    .ARM.Collect$$libinit$$00000032          0x08000222   Section        0  libinit2.o(.ARM.Collect$$libinit$$00000032)
    .ARM.Collect$$libinit$$00000033          0x08000222   Section        2  libinit2.o(.ARM.Collect$$libinit$$00000033)
    .ARM.Collect$$libshutdown$$00000000      0x08000224   Section        2  libshutdown.o(.ARM.Collect$$libshutdown$$00000000)
    .ARM.Collect$$libshutdown$$00000002      0x08000226   Section        0  libshutdown2.o(.ARM.Collect$$libshutdown$$00000002)
    .ARM.Collect$$libshutdown$$00000004      0x08000226   Section        0  libshutdown2.o(.ARM.Collect$$libshutdown$$00000004)
    .ARM.Collect$$libshutdown$$00000006      0x08000226   Section        0  libshutdown2.o(.ARM.Collect$$libshutdown$$00000006)
    .ARM.Collect$$libshutdown$$00000009      0x08000226   Section        0  libshutdown2.o(.ARM.Collect$$libshutdown$$00000009)
    .ARM.Collect$$libshutdown$$0000000C      0x08000226   Section        0  libshutdown2.o(.ARM.Collect$$libshutdown$$0000000C)
    .ARM.Collect$$libshutdown$$0000000E      0x08000226   Section        0  libshutdown2.o(.ARM.Collect$$libshutdown$$0000000E)
    .ARM.Collect$$libshutdown$$00000011      0x08000226   Section        0  libshutdown2.o(.ARM.Collect$$libshutdown$$00000011)
    .ARM.Collect$$libshutdown$$00000012      0x08000226   Section        2  libshutdown2.o(.ARM.Collect$$libshutdown$$00000012)
    .ARM.Collect$$rtentry$$00000000          0x08000228   Section        0  __rtentry.o(.ARM.Collect$$rtentry$$00000000)
    .ARM.Collect$$rtentry$$00000002          0x08000228   Section        0  __rtentry2.o(.ARM.Collect$$rtentry$$00000002)
    .ARM.Collect$$rtentry$$00000004          0x08000228   Section        6  __rtentry4.o(.ARM.Collect$$rtentry$$00000004)
    .ARM.Collect$$rtentry$$00000009          0x0800022e   Section        0  __rtentry2.o(.ARM.Collect$$rtentry$$00000009)
    .ARM.Collect$$rtentry$$0000000A          0x0800022e   Section        4  __rtentry2.o(.ARM.Collect$$rtentry$$0000000A)
    .ARM.Collect$$rtentry$$0000000C          0x08000232   Section        0  __rtentry2.o(.ARM.Collect$$rtentry$$0000000C)
    .ARM.Collect$$rtentry$$0000000D          0x08000232   Section        8  __rtentry2.o(.ARM.Collect$$rtentry$$0000000D)
    .ARM.Collect$$rtexit$$00000000           0x0800023a   Section        2  rtexit.o(.ARM.Collect$$rtexit$$00000000)
    .ARM.Collect$$rtexit$$00000002           0x0800023c   Section        0  rtexit2.o(.ARM.Collect$$rtexit$$00000002)
    .ARM.Collect$$rtexit$$00000003           0x0800023c   Section        4  rtexit2.o(.ARM.Collect$$rtexit$$00000003)
    .ARM.Collect$$rtexit$$00000004           0x08000240   Section        6  rtexit2.o(.ARM.Collect$$rtexit$$00000004)
    .emb_text                                0x08000248   Section       52  rand.o(.emb_text)
    .text                                    0x0800027c   Section       30  svc.o(.text)
    $v0                                      0x0800027c   Number         0  svc.o(.text)
    .text                                    0x0800029c   Section       64  startup_stm32f417xx.o(.text)
    $v0                                      0x0800029c   Number         0  startup_stm32f417xx.o(.text)
    .text                                    0x080002dc   Section        2  use_no_semi.o(.text)
    .text                                    0x080002e0   Section        0  noretval__2printf.o(.text)
    .text                                    0x080002f8   Section        0  noretval__2sprintf.o(.text)
    .text                                    0x08000320   Section        0  _printf_pad.o(.text)
    .text                                    0x0800036e   Section        0  _printf_str.o(.text)
    .text                                    0x080003c0   Section        0  _printf_dec.o(.text)
    .text                                    0x08000438   Section        0  _printf_hex_int_ptr.o(.text)
    _printf_hex_common                       0x08000439   Thumb Code     0  _printf_hex_int_ptr.o(.text)
    .text                                    0x080004b4   Section        0  __printf_flags_wp.o(.text)
    .text                                    0x080005ec   Section        0  fgets.o(.text)
    .text                                    0x08000638   Section        0  rand.o(.text)
    .text                                    0x08000674   Section        0  strlen.o(.text)
    .text                                    0x080006b2   Section      138  rt_memcpy_v6.o(.text)
    .text                                    0x0800073c   Section      100  rt_memcpy_w.o(.text)
    .text                                    0x080007a0   Section       78  rt_memclr_w.o(.text)
    .text                                    0x080007ee   Section        0  heapauxi.o(.text)
    .text                                    0x080007f4   Section        0  _printf_intcommon.o(.text)
    .text                                    0x080008a8   Section        0  _printf_char_common.o(.text)
    _printf_input_char                       0x080008a9   Thumb Code    10  _printf_char_common.o(.text)
    .text                                    0x080008d8   Section        0  _sputc.o(.text)
    .text                                    0x080008e2   Section        0  _printf_char.o(.text)
    .text                                    0x08000910   Section        0  _printf_char_file.o(.text)
    .text                                    0x08000934   Section       74  sys_stackheap_outer.o(.text)
    .text                                    0x0800097e   Section        0  exit.o(.text)
    .text                                    0x08000990   Section        8  libspace.o(.text)
    i.Device_Initialization                  0x08000998   Section        0  lab4.o(i.Device_Initialization)
    i.EXTI0_IRQHandler                       0x080009a4   Section        0  lab4.o(i.EXTI0_IRQHandler)
    i.EXTI1_IRQHandler                       0x080009d8   Section        0  lab4.o(i.EXTI1_IRQHandler)
    i.EXTI2_IRQHandler                       0x08000a0c   Section        0  lab4.o(i.EXTI2_IRQHandler)
    i.ITM_SendChar                           0x08000a40   Section        0  retarget.o(i.ITM_SendChar)
    ITM_SendChar                             0x08000a41   Thumb Code    44  retarget.o(i.ITM_SendChar)
    i.SVC_Handler_c                          0x08000a70   Section        0  svc_1.o(i.SVC_Handler_c)
    i.SysTick_Handler                        0x08000aac   Section        0  lab4.o(i.SysTick_Handler)
    i.SystemInit                             0x08000abc   Section        0  system_stm32f4xx.o(i.SystemInit)
    i.__NVIC_DisableIRQ                      0x08000ad8   Section        0  lab4.o(i.__NVIC_DisableIRQ)
    __NVIC_DisableIRQ                        0x08000ad9   Thumb Code    30  lab4.o(i.__NVIC_DisableIRQ)
    i.__NVIC_EnableIRQ                       0x08000afc   Section        0  lab4.o(i.__NVIC_EnableIRQ)
    __NVIC_EnableIRQ                         0x08000afd   Thumb Code    34  lab4.o(i.__NVIC_EnableIRQ)
    i.__SVC_0                                0x08000b20   Section        0  svc_1.o(i.__SVC_0)
    i.__SVC_1                                0x08000b40   Section        0  svc_1.o(i.__SVC_1)
    i.__SVC_2                                0x08000b60   Section        0  svc_1.o(i.__SVC_2)
    i.__SVC_3                                0x08000b70   Section        0  svc_1.o(i.__SVC_3)
    i._is_digit                              0x08000b80   Section        0  __printf_wp.o(i._is_digit)
    i._sys_exit                              0x08000b8e   Section        0  retarget.o(i._sys_exit)
    i.ferror                                 0x08000b92   Section        0  retarget.o(i.ferror)
    i.fgetc                                  0x08000b9c   Section        0  retarget.o(i.fgetc)
    i.fputc                                  0x08000bec   Section        0  retarget.o(i.fputc)
    i.get_gain                               0x08000bfa   Section        0  investor.o(i.get_gain)
    i.get_net_worth                          0x08000c16   Section        0  investor.o(i.get_net_worth)
    i.get_num_buy                            0x08000c58   Section        0  investor.o(i.get_num_buy)
    i.get_num_sell                           0x08000c64   Section        0  investor.o(i.get_num_sell)
    i.investor_add_transaction               0x08000c70   Section        0  investor.o(i.investor_add_transaction)
    i.investor_buy                           0x08000e64   Section        0  investor.o(i.investor_buy)
    i.investor_display                       0x08000ed0   Section        0  investor.o(i.investor_display)
    i.investor_init                          0x08000f68   Section        0  investor.o(i.investor_init)
    i.investor_sell                          0x08000fbc   Section        0  investor.o(i.investor_sell)
    i.main                                   0x08001020   Section        0  lab4.o(i.main)
    i.stock_display                          0x080011bc   Section        0  stock.o(i.stock_display)
    i.stock_exchange_display_stats           0x080011e0   Section        0  stock_exchange.o(i.stock_exchange_display_stats)
    i.stock_exchange_get_random_stock        0x08001328   Section        0  stock_exchange.o(i.stock_exchange_get_random_stock)
    i.stock_exchange_init                    0x080013a8   Section        0  stock_exchange.o(i.stock_exchange_init)
    i.stock_exchange_update                  0x080014cc   Section        0  stock_exchange.o(i.stock_exchange_update)
    i.stock_get_cur_value                    0x080014ec   Section        0  stock.o(i.stock_get_cur_value)
    i.stock_initial_public_offering          0x08001600   Section        0  stock.o(i.stock_initial_public_offering)
    i.sys_clock_timer_init                   0x08001650   Section        0  lab4.o(i.sys_clock_timer_init)
    x$fpl$dadd                               0x080016d0   Section      336  daddsub_clz.o(x$fpl$dadd)
    $v0                                      0x080016d0   Number         0  daddsub_clz.o(x$fpl$dadd)
    _dadd1                                   0x080016e1   Thumb Code     0  daddsub_clz.o(x$fpl$dadd)
    x$fpl$dcmpinf                            0x08001820   Section       24  dcmpi.o(x$fpl$dcmpinf)
    $v0                                      0x08001820   Number         0  dcmpi.o(x$fpl$dcmpinf)
    x$fpl$ddiv                               0x08001838   Section      688  ddiv.o(x$fpl$ddiv)
    $v0                                      0x08001838   Number         0  ddiv.o(x$fpl$ddiv)
    ddiv_entry                               0x0800183f   Thumb Code     0  ddiv.o(x$fpl$ddiv)
    x$fpl$dfix                               0x08001ae8   Section       94  dfix.o(x$fpl$dfix)
    $v0                                      0x08001ae8   Number         0  dfix.o(x$fpl$dfix)
    x$fpl$dfixu                              0x08001b48   Section       90  dfixu.o(x$fpl$dfixu)
    $v0                                      0x08001b48   Number         0  dfixu.o(x$fpl$dfixu)
    x$fpl$dflt                               0x08001ba2   Section       46  dflt_clz.o(x$fpl$dflt)
    $v0                                      0x08001ba2   Number         0  dflt_clz.o(x$fpl$dflt)
    x$fpl$dfltu                              0x08001bd0   Section       38  dflt_clz.o(x$fpl$dfltu)
    $v0                                      0x08001bd0   Number         0  dflt_clz.o(x$fpl$dfltu)
    x$fpl$dleqf                              0x08001bf8   Section      120  dleqf.o(x$fpl$dleqf)
    $v0                                      0x08001bf8   Number         0  dleqf.o(x$fpl$dleqf)
    x$fpl$dmul                               0x08001c70   Section      340  dmul.o(x$fpl$dmul)
    $v0                                      0x08001c70   Number         0  dmul.o(x$fpl$dmul)
    x$fpl$dnaninf                            0x08001dc4   Section      156  dnaninf.o(x$fpl$dnaninf)
    $v0                                      0x08001dc4   Number         0  dnaninf.o(x$fpl$dnaninf)
    x$fpl$dretinf                            0x08001e60   Section       12  dretinf.o(x$fpl$dretinf)
    $v0                                      0x08001e60   Number         0  dretinf.o(x$fpl$dretinf)
    x$fpl$dsub                               0x08001e6c   Section      468  daddsub_clz.o(x$fpl$dsub)
    $v0                                      0x08001e6c   Number         0  daddsub_clz.o(x$fpl$dsub)
    _dsub1                                   0x08001e7d   Thumb Code     0  daddsub_clz.o(x$fpl$dsub)
    x$fpl$fpinit                             0x08002040   Section       10  fpinit.o(x$fpl$fpinit)
    $v0                                      0x08002040   Number         0  fpinit.o(x$fpl$fpinit)
    .constdata                               0x0800204a   Section       40  _printf_hex_int_ptr.o(.constdata)
    x$fpl$usenofp                            0x0800204a   Section        0  usenofp.o(x$fpl$usenofp)
    uc_hextab                                0x0800204a   Data          20  _printf_hex_int_ptr.o(.constdata)
    lc_hextab                                0x0800205e   Data          20  _printf_hex_int_ptr.o(.constdata)
    .constdata                               0x08002072   Section       17  __printf_flags_wp.o(.constdata)
    maptable                                 0x08002072   Data          17  __printf_flags_wp.o(.constdata)
    .data                                    0x20000000   Section        4  lab4.o(.data)
    .data                                    0x20000004   Section       12  retarget.o(.data)
    .data                                    0x20000010   Section        8  stock.o(.data)
    stock_cnt                                0x20000010   Data           2  stock.o(.data)
    time_stamp                               0x20000014   Data           4  stock.o(.data)
    .data                                    0x20000018   Section       12  investor.o(.data)
    investor_cnt                             0x20000018   Data           2  investor.o(.data)
    num_buy                                  0x2000001c   Data           4  investor.o(.data)
    num_sell                                 0x20000020   Data           4  investor.o(.data)
    .data                                    0x20000024   Section        4  system_stm32f4xx.o(.data)
    .bss                                     0x20000028   Section       34  lab4.o(.bss)
    .bss                                     0x2000004c   Section    54016  stock_exchange.o(.bss)
    singleton_exchange                       0x2000004c   Data       54016  stock_exchange.o(.bss)
    .bss                                     0x2000d34c   Section      228  rand.o(.bss)
    .bss                                     0x2000d430   Section       96  libspace.o(.bss)
    HEAP                                     0x2000d490   Section      512  startup_stm32f417xx.o(HEAP)
    Heap_Mem                                 0x2000d490   Data         512  startup_stm32f417xx.o(HEAP)
    STACK                                    0x2000d690   Section     1024  startup_stm32f417xx.o(STACK)
    Stack_Mem                                0x2000d690   Data        1024  startup_stm32f417xx.o(STACK)
    __initial_sp                             0x2000da90   Data           0  startup_stm32f417xx.o(STACK)

    Global Symbols

    Symbol Name                              Value     Ov Type        Size  Object(Section)

    BuildAttributes$$THM_ISAv4$E$P$D$K$B$S$7EM$VFPi3$EXTD16$VFPS$VFMA$PE$A:L22UL41UL21$X:L11$S22US41US21$IEEE1$IW$USESV6$~STKCKD$USESV7$~SHL$OSPACE$ROPI$EBA8$UX$STANDARDLIB$REQ8$PRES8$EABIv2 0x00000000   Number         0  anon$$obj.o ABSOLUTE
    __ARM_use_no_argv                        0x00000000   Number         0  lab4.o ABSOLUTE
    _printf_flags                            0x00000000   Number         0  printf_stubs.o ABSOLUTE
    _printf_return_value                     0x00000000   Number         0  printf_stubs.o ABSOLUTE
    _printf_sizespec                         0x00000000   Number         0  printf_stubs.o ABSOLUTE
    _printf_widthprec                        0x00000000   Number         0  printf_stubs.o ABSOLUTE
    __ARM_exceptions_init                     - Undefined Weak Reference
    __alloca_initialize                       - Undefined Weak Reference
    __arm_fini_                               - Undefined Weak Reference
    __arm_preinit_                            - Undefined Weak Reference
    __cpp_initialize__aeabi_                  - Undefined Weak Reference
    __cxa_finalize                            - Undefined Weak Reference
    __rt_locale                               - Undefined Weak Reference
    __sigvec_lookup                           - Undefined Weak Reference
    _atexit_init                              - Undefined Weak Reference
    _call_atexit_fns                          - Undefined Weak Reference
    _clock_init                               - Undefined Weak Reference
    _fp_trap_init                             - Undefined Weak Reference
    _fp_trap_shutdown                         - Undefined Weak Reference
    _get_lc_collate                           - Undefined Weak Reference
    _get_lc_ctype                             - Undefined Weak Reference
    _get_lc_monetary                          - Undefined Weak Reference
    _get_lc_numeric                           - Undefined Weak Reference
    _get_lc_time                              - Undefined Weak Reference
    _getenv_init                              - Undefined Weak Reference
    _handle_redirection                       - Undefined Weak Reference
    _init_alloc                               - Undefined Weak Reference
    _init_user_alloc                          - Undefined Weak Reference
    _initio                                   - Undefined Weak Reference
    _printf_mbtowc                            - Undefined Weak Reference
    _printf_truncate_signed                   - Undefined Weak Reference
    _printf_truncate_unsigned                 - Undefined Weak Reference
    _signal_finish                            - Undefined Weak Reference
    _signal_init                              - Undefined Weak Reference
    _terminate_alloc                          - Undefined Weak Reference
    _terminate_user_alloc                     - Undefined Weak Reference
    _terminateio                              - Undefined Weak Reference
    __Vectors_Size                           0x00000188   Number         0  startup_stm32f417xx.o ABSOLUTE
    __Vectors                                0x08000000   Data           4  startup_stm32f417xx.o(RESET)
    __Vectors_End                            0x08000188   Data           0  startup_stm32f417xx.o(RESET)
    __main                                   0x08000189   Thumb Code     8  __main.o(!!!main)
    __scatterload                            0x08000191   Thumb Code     0  __scatter.o(!!!scatter)
    __scatterload_rt2                        0x08000191   Thumb Code    44  __scatter.o(!!!scatter)
    __scatterload_rt2_thumb_only             0x08000191   Thumb Code     0  __scatter.o(!!!scatter)
    __scatterload_null                       0x0800019f   Thumb Code     0  __scatter.o(!!!scatter)
    __scatterload_copy                       0x080001c5   Thumb Code    26  __scatter_copy.o(!!handler_copy)
    __scatterload_zeroinit                   0x080001e1   Thumb Code    28  __scatter_zi.o(!!handler_zi)
    _printf_p                                0x080001fd   Thumb Code     0  _printf_p.o(.ARM.Collect$$_printf_percent$$00000002)
    _printf_percent                          0x080001fd   Thumb Code     0  _printf_percent.o(.ARM.Collect$$_printf_percent$$00000000)
    _printf_d                                0x08000203   Thumb Code     0  _printf_d.o(.ARM.Collect$$_printf_percent$$00000009)
    _printf_x                                0x08000209   Thumb Code     0  _printf_x.o(.ARM.Collect$$_printf_percent$$0000000C)
    _printf_s                                0x0800020f   Thumb Code     0  _printf_s.o(.ARM.Collect$$_printf_percent$$00000014)
    _printf_percent_end                      0x08000215   Thumb Code     0  _printf_percent_end.o(.ARM.Collect$$_printf_percent$$00000017)
    __rt_lib_init                            0x08000219   Thumb Code     0  libinit.o(.ARM.Collect$$libinit$$00000000)
    __rt_lib_init_fp_1                       0x0800021b   Thumb Code     0  libinit2.o(.ARM.Collect$$libinit$$00000001)
    __rt_lib_init_heap_1                     0x0800021f   Thumb Code     0  libinit2.o(.ARM.Collect$$libinit$$0000000A)
    __rt_lib_init_preinit_1                  0x0800021f   Thumb Code     0  libinit2.o(.ARM.Collect$$libinit$$00000004)
    __rt_lib_init_rand_2                     0x0800021f   Thumb Code     0  libinit2.o(.ARM.Collect$$libinit$$0000000D)
    __rt_lib_init_user_alloc_1               0x0800021f   Thumb Code     0  libinit2.o(.ARM.Collect$$libinit$$0000000C)
    __rt_lib_init_alloca_1                   0x08000223   Thumb Code     0  libinit2.o(.ARM.Collect$$libinit$$0000002E)
    __rt_lib_init_argv_1                     0x08000223   Thumb Code     0  libinit2.o(.ARM.Collect$$libinit$$0000002C)
    __rt_lib_init_atexit_1                   0x08000223   Thumb Code     0  libinit2.o(.ARM.Collect$$libinit$$0000001B)
    __rt_lib_init_clock_1                    0x08000223   Thumb Code     0  libinit2.o(.ARM.Collect$$libinit$$00000021)
    __rt_lib_init_cpp_1                      0x08000223   Thumb Code     0  libinit2.o(.ARM.Collect$$libinit$$00000032)
    __rt_lib_init_exceptions_1               0x08000223   Thumb Code     0  libinit2.o(.ARM.Collect$$libinit$$00000030)
    __rt_lib_init_fp_trap_1                  0x08000223   Thumb Code     0  libinit2.o(.ARM.Collect$$libinit$$0000001F)
    __rt_lib_init_getenv_1                   0x08000223   Thumb Code     0  libinit2.o(.ARM.Collect$$libinit$$00000023)
    __rt_lib_init_lc_collate_1               0x08000223   Thumb Code     0  libinit2.o(.ARM.Collect$$libinit$$00000011)
    __rt_lib_init_lc_ctype_1                 0x08000223   Thumb Code     0  libinit2.o(.ARM.Collect$$libinit$$00000013)
    __rt_lib_init_lc_monetary_1              0x08000223   Thumb Code     0  libinit2.o(.ARM.Collect$$libinit$$00000015)
    __rt_lib_init_lc_numeric_1               0x08000223   Thumb Code     0  libinit2.o(.ARM.Collect$$libinit$$00000017)
    __rt_lib_init_lc_time_1                  0x08000223   Thumb Code     0  libinit2.o(.ARM.Collect$$libinit$$00000019)
    __rt_lib_init_rand_1                     0x08000223   Thumb Code     0  libinit2.o(.ARM.Collect$$libinit$$0000000E)
    __rt_lib_init_return                     0x08000223   Thumb Code     0  libinit2.o(.ARM.Collect$$libinit$$00000033)
    __rt_lib_init_signal_1                   0x08000223   Thumb Code     0  libinit2.o(.ARM.Collect$$libinit$$0000001D)
    __rt_lib_init_stdio_1                    0x08000223   Thumb Code     0  libinit2.o(.ARM.Collect$$libinit$$00000025)
    __rt_lib_shutdown                        0x08000225   Thumb Code     0  libshutdown.o(.ARM.Collect$$libshutdown$$00000000)
    __rt_lib_shutdown_cpp_1                  0x08000227   Thumb Code     0  libshutdown2.o(.ARM.Collect$$libshutdown$$00000004)
    __rt_lib_shutdown_fini_1                 0x08000227   Thumb Code     0  libshutdown2.o(.ARM.Collect$$libshutdown$$00000002)
    __rt_lib_shutdown_fp_trap_1              0x08000227   Thumb Code     0  libshutdown2.o(.ARM.Collect$$libshutdown$$00000009)
    __rt_lib_shutdown_heap_1                 0x08000227   Thumb Code     0  libshutdown2.o(.ARM.Collect$$libshutdown$$00000011)
    __rt_lib_shutdown_return                 0x08000227   Thumb Code     0  libshutdown2.o(.ARM.Collect$$libshutdown$$00000012)
    __rt_lib_shutdown_signal_1               0x08000227   Thumb Code     0  libshutdown2.o(.ARM.Collect$$libshutdown$$0000000C)
    __rt_lib_shutdown_stdio_1                0x08000227   Thumb Code     0  libshutdown2.o(.ARM.Collect$$libshutdown$$00000006)
    __rt_lib_shutdown_user_alloc_1           0x08000227   Thumb Code     0  libshutdown2.o(.ARM.Collect$$libshutdown$$0000000E)
    __rt_entry                               0x08000229   Thumb Code     0  __rtentry.o(.ARM.Collect$$rtentry$$00000000)
    __rt_entry_presh_1                       0x08000229   Thumb Code     0  __rtentry2.o(.ARM.Collect$$rtentry$$00000002)
    __rt_entry_sh                            0x08000229   Thumb Code     0  __rtentry4.o(.ARM.Collect$$rtentry$$00000004)
    __rt_entry_li                            0x0800022f   Thumb Code     0  __rtentry2.o(.ARM.Collect$$rtentry$$0000000A)
    __rt_entry_postsh_1                      0x0800022f   Thumb Code     0  __rtentry2.o(.ARM.Collect$$rtentry$$00000009)
    __rt_entry_main                          0x08000233   Thumb Code     0  __rtentry2.o(.ARM.Collect$$rtentry$$0000000D)
    __rt_entry_postli_1                      0x08000233   Thumb Code     0  __rtentry2.o(.ARM.Collect$$rtentry$$0000000C)
    __rt_exit                                0x0800023b   Thumb Code     0  rtexit.o(.ARM.Collect$$rtexit$$00000000)
    __rt_exit_ls                             0x0800023d   Thumb Code     0  rtexit2.o(.ARM.Collect$$rtexit$$00000003)
    __rt_exit_prels_1                        0x0800023d   Thumb Code     0  rtexit2.o(.ARM.Collect$$rtexit$$00000002)
    __rt_exit_exit                           0x08000241   Thumb Code     0  rtexit2.o(.ARM.Collect$$rtexit$$00000004)
    rand                                     0x08000249   Thumb Code    48  rand.o(.emb_text)
    SVC_Handler                              0x0800027d   Thumb Code    30  svc.o(.text)
    Reset_Handler                            0x0800029d   Thumb Code     8  startup_stm32f417xx.o(.text)
    NMI_Handler                              0x080002a5   Thumb Code     2  startup_stm32f417xx.o(.text)
    HardFault_Handler                        0x080002a7   Thumb Code     2  startup_stm32f417xx.o(.text)
    MemManage_Handler                        0x080002a9   Thumb Code     2  startup_stm32f417xx.o(.text)
    BusFault_Handler                         0x080002ab   Thumb Code     2  startup_stm32f417xx.o(.text)
    UsageFault_Handler                       0x080002ad   Thumb Code     2  startup_stm32f417xx.o(.text)
    DebugMon_Handler                         0x080002b1   Thumb Code     2  startup_stm32f417xx.o(.text)
    PendSV_Handler                           0x080002b3   Thumb Code     2  startup_stm32f417xx.o(.text)
    ADC_IRQHandler                           0x080002b7   Thumb Code     0  startup_stm32f417xx.o(.text)
    CAN1_RX0_IRQHandler                      0x080002b7   Thumb Code     0  startup_stm32f417xx.o(.text)
    CAN1_RX1_IRQHandler                      0x080002b7   Thumb Code     0  startup_stm32f417xx.o(.text)
    CAN1_SCE_IRQHandler                      0x080002b7   Thumb Code     0  startup_stm32f417xx.o(.text)
    CAN1_TX_IRQHandler                       0x080002b7   Thumb Code     0  startup_stm32f417xx.o(.text)
    CAN2_RX0_IRQHandler                      0x080002b7   Thumb Code     0  startup_stm32f417xx.o(.text)
    CAN2_RX1_IRQHandler                      0x080002b7   Thumb Code     0  startup_stm32f417xx.o(.text)
    CAN2_SCE_IRQHandler                      0x080002b7   Thumb Code     0  startup_stm32f417xx.o(.text)
    CAN2_TX_IRQHandler                       0x080002b7   Thumb Code     0  startup_stm32f417xx.o(.text)
    CRYP_IRQHandler                          0x080002b7   Thumb Code     0  startup_stm32f417xx.o(.text)
    DCMI_IRQHandler                          0x080002b7   Thumb Code     0  startup_stm32f417xx.o(.text)
    DMA1_Stream0_IRQHandler                  0x080002b7   Thumb Code     0  startup_stm32f417xx.o(.text)
    DMA1_Stream1_IRQHandler                  0x080002b7   Thumb Code     0  startup_stm32f417xx.o(.text)
    DMA1_Stream2_IRQHandler                  0x080002b7   Thumb Code     0  startup_stm32f417xx.o(.text)
    DMA1_Stream3_IRQHandler                  0x080002b7   Thumb Code     0  startup_stm32f417xx.o(.text)
    DMA1_Stream4_IRQHandler                  0x080002b7   Thumb Code     0  startup_stm32f417xx.o(.text)
    DMA1_Stream5_IRQHandler                  0x080002b7   Thumb Code     0  startup_stm32f417xx.o(.text)
    DMA1_Stream6_IRQHandler                  0x080002b7   Thumb Code     0  startup_stm32f417xx.o(.text)
    DMA1_Stream7_IRQHandler                  0x080002b7   Thumb Code     0  startup_stm32f417xx.o(.text)
    DMA2_Stream0_IRQHandler                  0x080002b7   Thumb Code     0  startup_stm32f417xx.o(.text)
    DMA2_Stream1_IRQHandler                  0x080002b7   Thumb Code     0  startup_stm32f417xx.o(.text)
    DMA2_Stream2_IRQHandler                  0x080002b7   Thumb Code     0  startup_stm32f417xx.o(.text)
    DMA2_Stream3_IRQHandler                  0x080002b7   Thumb Code     0  startup_stm32f417xx.o(.text)
    DMA2_Stream4_IRQHandler                  0x080002b7   Thumb Code     0  startup_stm32f417xx.o(.text)
    DMA2_Stream5_IRQHandler                  0x080002b7   Thumb Code     0  startup_stm32f417xx.o(.text)
    DMA2_Stream6_IRQHandler                  0x080002b7   Thumb Code     0  startup_stm32f417xx.o(.text)
    DMA2_Stream7_IRQHandler                  0x080002b7   Thumb Code     0  startup_stm32f417xx.o(.text)
    ETH_IRQHandler                           0x080002b7   Thumb Code     0  startup_stm32f417xx.o(.text)
    ETH_WKUP_IRQHandler                      0x080002b7   Thumb Code     0  startup_stm32f417xx.o(.text)
    EXTI15_10_IRQHandler                     0x080002b7   Thumb Code     0  startup_stm32f417xx.o(.text)
    EXTI3_IRQHandler                         0x080002b7   Thumb Code     0  startup_stm32f417xx.o(.text)
    EXTI4_IRQHandler                         0x080002b7   Thumb Code     0  startup_stm32f417xx.o(.text)
    EXTI9_5_IRQHandler                       0x080002b7   Thumb Code     0  startup_stm32f417xx.o(.text)
    FLASH_IRQHandler                         0x080002b7   Thumb Code     0  startup_stm32f417xx.o(.text)
    FMC_IRQHandler                           0x080002b7   Thumb Code     0  startup_stm32f417xx.o(.text)
    FPU_IRQHandler                           0x080002b7   Thumb Code     0  startup_stm32f417xx.o(.text)
    HASH_RNG_IRQHandler                      0x080002b7   Thumb Code     0  startup_stm32f417xx.o(.text)
    I2C1_ER_IRQHandler                       0x080002b7   Thumb Code     0  startup_stm32f417xx.o(.text)
    I2C1_EV_IRQHandler                       0x080002b7   Thumb Code     0  startup_stm32f417xx.o(.text)
    I2C2_ER_IRQHandler                       0x080002b7   Thumb Code     0  startup_stm32f417xx.o(.text)
    I2C2_EV_IRQHandler                       0x080002b7   Thumb Code     0  startup_stm32f417xx.o(.text)
    I2C3_ER_IRQHandler                       0x080002b7   Thumb Code     0  startup_stm32f417xx.o(.text)
    I2C3_EV_IRQHandler                       0x080002b7   Thumb Code     0  startup_stm32f417xx.o(.text)
    OTG_FS_IRQHandler                        0x080002b7   Thumb Code     0  startup_stm32f417xx.o(.text)
    OTG_FS_WKUP_IRQHandler                   0x080002b7   Thumb Code     0  startup_stm32f417xx.o(.text)
    OTG_HS_EP1_IN_IRQHandler                 0x080002b7   Thumb Code     0  startup_stm32f417xx.o(.text)
    OTG_HS_EP1_OUT_IRQHandler                0x080002b7   Thumb Code     0  startup_stm32f417xx.o(.text)
    OTG_HS_IRQHandler                        0x080002b7   Thumb Code     0  startup_stm32f417xx.o(.text)
    OTG_HS_WKUP_IRQHandler                   0x080002b7   Thumb Code     0  startup_stm32f417xx.o(.text)
    PVD_IRQHandler                           0x080002b7   Thumb Code     0  startup_stm32f417xx.o(.text)
    RCC_IRQHandler                           0x080002b7   Thumb Code     0  startup_stm32f417xx.o(.text)
    RTC_Alarm_IRQHandler                     0x080002b7   Thumb Code     0  startup_stm32f417xx.o(.text)
    RTC_WKUP_IRQHandler                      0x080002b7   Thumb Code     0  startup_stm32f417xx.o(.text)
    SDIO_IRQHandler                          0x080002b7   Thumb Code     0  startup_stm32f417xx.o(.text)
    SPI1_IRQHandler                          0x080002b7   Thumb Code     0  startup_stm32f417xx.o(.text)
    SPI2_IRQHandler                          0x080002b7   Thumb Code     0  startup_stm32f417xx.o(.text)
    SPI3_IRQHandler                          0x080002b7   Thumb Code     0  startup_stm32f417xx.o(.text)
    TAMP_STAMP_IRQHandler                    0x080002b7   Thumb Code     0  startup_stm32f417xx.o(.text)
    TIM1_BRK_TIM9_IRQHandler                 0x080002b7   Thumb Code     0  startup_stm32f417xx.o(.text)
    TIM1_CC_IRQHandler                       0x080002b7   Thumb Code     0  startup_stm32f417xx.o(.text)
    TIM1_TRG_COM_TIM11_IRQHandler            0x080002b7   Thumb Code     0  startup_stm32f417xx.o(.text)
    TIM1_UP_TIM10_IRQHandler                 0x080002b7   Thumb Code     0  startup_stm32f417xx.o(.text)
    TIM2_IRQHandler                          0x080002b7   Thumb Code     0  startup_stm32f417xx.o(.text)
    TIM3_IRQHandler                          0x080002b7   Thumb Code     0  startup_stm32f417xx.o(.text)
    TIM4_IRQHandler                          0x080002b7   Thumb Code     0  startup_stm32f417xx.o(.text)
    TIM5_IRQHandler                          0x080002b7   Thumb Code     0  startup_stm32f417xx.o(.text)
    TIM6_DAC_IRQHandler                      0x080002b7   Thumb Code     0  startup_stm32f417xx.o(.text)
    TIM7_IRQHandler                          0x080002b7   Thumb Code     0  startup_stm32f417xx.o(.text)
    TIM8_BRK_TIM12_IRQHandler                0x080002b7   Thumb Code     0  startup_stm32f417xx.o(.text)
    TIM8_CC_IRQHandler                       0x080002b7   Thumb Code     0  startup_stm32f417xx.o(.text)
    TIM8_TRG_COM_TIM14_IRQHandler            0x080002b7   Thumb Code     0  startup_stm32f417xx.o(.text)
    TIM8_UP_TIM13_IRQHandler                 0x080002b7   Thumb Code     0  startup_stm32f417xx.o(.text)
    UART4_IRQHandler                         0x080002b7   Thumb Code     0  startup_stm32f417xx.o(.text)
    UART5_IRQHandler                         0x080002b7   Thumb Code     0  startup_stm32f417xx.o(.text)
    USART1_IRQHandler                        0x080002b7   Thumb Code     0  startup_stm32f417xx.o(.text)
    USART2_IRQHandler                        0x080002b7   Thumb Code     0  startup_stm32f417xx.o(.text)
    USART3_IRQHandler                        0x080002b7   Thumb Code     0  startup_stm32f417xx.o(.text)
    USART6_IRQHandler                        0x080002b7   Thumb Code     0  startup_stm32f417xx.o(.text)
    WWDG_IRQHandler                          0x080002b7   Thumb Code     0  startup_stm32f417xx.o(.text)
    __user_initial_stackheap                 0x080002b9   Thumb Code     0  startup_stm32f417xx.o(.text)
    __I$use$semihosting                      0x080002dd   Thumb Code     0  use_no_semi.o(.text)
    __use_no_semihosting_swi                 0x080002dd   Thumb Code     2  use_no_semi.o(.text)
    __2printf                                0x080002e1   Thumb Code    20  noretval__2printf.o(.text)
    __2sprintf                               0x080002f9   Thumb Code    34  noretval__2sprintf.o(.text)
    _printf_pre_padding                      0x08000321   Thumb Code    44  _printf_pad.o(.text)
    _printf_post_padding                     0x0800034d   Thumb Code    34  _printf_pad.o(.text)
    _printf_str                              0x0800036f   Thumb Code    82  _printf_str.o(.text)
    _printf_int_dec                          0x080003c1   Thumb Code   104  _printf_dec.o(.text)
    _printf_longlong_hex                     0x08000439   Thumb Code    78  _printf_hex_int_ptr.o(.text)
    _printf_int_hex                          0x08000487   Thumb Code    26  _printf_hex_int_ptr.o(.text)
    _printf_hex_ptr                          0x080004a1   Thumb Code    16  _printf_hex_int_ptr.o(.text)
    __printf                                 0x080004b5   Thumb Code   308  __printf_flags_wp.o(.text)
    fgets                                    0x080005ed   Thumb Code    74  fgets.o(.text)
    srand                                    0x08000639   Thumb Code    42  rand.o(.text)
    _rand_init                               0x08000663   Thumb Code     4  rand.o(.text)
    strlen                                   0x08000675   Thumb Code    62  strlen.o(.text)
    __aeabi_memcpy                           0x080006b3   Thumb Code     0  rt_memcpy_v6.o(.text)
    __rt_memcpy                              0x080006b3   Thumb Code   138  rt_memcpy_v6.o(.text)
    _memcpy_lastbytes                        0x08000719   Thumb Code     0  rt_memcpy_v6.o(.text)
    __aeabi_memcpy4                          0x0800073d   Thumb Code     0  rt_memcpy_w.o(.text)
    __aeabi_memcpy8                          0x0800073d   Thumb Code     0  rt_memcpy_w.o(.text)
    __rt_memcpy_w                            0x0800073d   Thumb Code   100  rt_memcpy_w.o(.text)
    _memcpy_lastbytes_aligned                0x08000785   Thumb Code     0  rt_memcpy_w.o(.text)
    __aeabi_memclr4                          0x080007a1   Thumb Code     0  rt_memclr_w.o(.text)
    __aeabi_memclr8                          0x080007a1   Thumb Code     0  rt_memclr_w.o(.text)
    __rt_memclr_w                            0x080007a1   Thumb Code    78  rt_memclr_w.o(.text)
    _memset_w                                0x080007a5   Thumb Code     0  rt_memclr_w.o(.text)
    __use_two_region_memory                  0x080007ef   Thumb Code     2  heapauxi.o(.text)
    __rt_heap_escrow$2region                 0x080007f1   Thumb Code     2  heapauxi.o(.text)
    __rt_heap_expand$2region                 0x080007f3   Thumb Code     2  heapauxi.o(.text)
    _printf_int_common                       0x080007f5   Thumb Code   178  _printf_intcommon.o(.text)
    _printf_char_common                      0x080008b3   Thumb Code    32  _printf_char_common.o(.text)
    _sputc                                   0x080008d9   Thumb Code    10  _sputc.o(.text)
    _printf_cs_common                        0x080008e3   Thumb Code    20  _printf_char.o(.text)
    _printf_char                             0x080008f7   Thumb Code    16  _printf_char.o(.text)
    _printf_string                           0x08000907   Thumb Code     8  _printf_char.o(.text)
    _printf_char_file                        0x08000911   Thumb Code    32  _printf_char_file.o(.text)
    __user_setup_stackheap                   0x08000935   Thumb Code    74  sys_stackheap_outer.o(.text)
    exit                                     0x0800097f   Thumb Code    18  exit.o(.text)
    __user_libspace                          0x08000991   Thumb Code     8  libspace.o(.text)
    __user_perproc_libspace                  0x08000991   Thumb Code     0  libspace.o(.text)
    __user_perthread_libspace                0x08000991   Thumb Code     0  libspace.o(.text)
    Device_Initialization                    0x08000999   Thumb Code    12  lab4.o(i.Device_Initialization)
    EXTI0_IRQHandler                         0x080009a5   Thumb Code    14  lab4.o(i.EXTI0_IRQHandler)
    EXTI1_IRQHandler                         0x080009d9   Thumb Code    14  lab4.o(i.EXTI1_IRQHandler)
    EXTI2_IRQHandler                         0x08000a0d   Thumb Code    14  lab4.o(i.EXTI2_IRQHandler)
    SVC_Handler_c                            0x08000a71   Thumb Code    58  svc_1.o(i.SVC_Handler_c)
    SysTick_Handler                          0x08000aad   Thumb Code    12  lab4.o(i.SysTick_Handler)
    SystemInit                               0x08000abd   Thumb Code    24  system_stm32f4xx.o(i.SystemInit)
    __SVC_0                                  0x08000b21   Thumb Code    16  svc_1.o(i.__SVC_0)
    __SVC_1                                  0x08000b41   Thumb Code    16  svc_1.o(i.__SVC_1)
    __SVC_2                                  0x08000b61   Thumb Code    16  svc_1.o(i.__SVC_2)
    __SVC_3                                  0x08000b71   Thumb Code    16  svc_1.o(i.__SVC_3)
    _is_digit                                0x08000b81   Thumb Code    14  __printf_wp.o(i._is_digit)
    _sys_exit                                0x08000b8f   Thumb Code     4  retarget.o(i._sys_exit)
    ferror                                   0x08000b93   Thumb Code     8  retarget.o(i.ferror)
    fgetc                                    0x08000b9d   Thumb Code    72  retarget.o(i.fgetc)
    fputc                                    0x08000bed   Thumb Code    14  retarget.o(i.fputc)
    get_gain                                 0x08000bfb   Thumb Code    28  investor.o(i.get_gain)
    get_net_worth                            0x08000c17   Thumb Code    64  investor.o(i.get_net_worth)
    get_num_buy                              0x08000c59   Thumb Code     6  investor.o(i.get_num_buy)
    get_num_sell                             0x08000c65   Thumb Code     6  investor.o(i.get_num_sell)
    investor_add_transaction                 0x08000c71   Thumb Code   464  investor.o(i.investor_add_transaction)
    investor_buy                             0x08000e65   Thumb Code    96  investor.o(i.investor_buy)
    investor_display                         0x08000ed1   Thumb Code   102  investor.o(i.investor_display)
    investor_init                            0x08000f69   Thumb Code    76  investor.o(i.investor_init)
    investor_sell                            0x08000fbd   Thumb Code    88  investor.o(i.investor_sell)
    main                                     0x08001021   Thumb Code   158  lab4.o(i.main)
    stock_display                            0x080011bd   Thumb Code    18  stock.o(i.stock_display)
    stock_exchange_display_stats             0x080011e1   Thumb Code   190  stock_exchange.o(i.stock_exchange_display_stats)
    stock_exchange_get_random_stock          0x08001329   Thumb Code    98  stock_exchange.o(i.stock_exchange_get_random_stock)
    stock_exchange_init                      0x080013a9   Thumb Code   236  stock_exchange.o(i.stock_exchange_init)
    stock_exchange_update                    0x080014cd   Thumb Code    28  stock_exchange.o(i.stock_exchange_update)
    stock_get_cur_value                      0x080014ed   Thumb Code   238  stock.o(i.stock_get_cur_value)
    stock_initial_public_offering            0x08001601   Thumb Code    76  stock.o(i.stock_initial_public_offering)
    sys_clock_timer_init                     0x08001651   Thumb Code    90  lab4.o(i.sys_clock_timer_init)
    __aeabi_dadd                             0x080016d1   Thumb Code     0  daddsub_clz.o(x$fpl$dadd)
    _dadd                                    0x080016d1   Thumb Code   332  daddsub_clz.o(x$fpl$dadd)
    __fpl_dcmp_Inf                           0x08001821   Thumb Code    24  dcmpi.o(x$fpl$dcmpinf)
    __aeabi_ddiv                             0x08001839   Thumb Code     0  ddiv.o(x$fpl$ddiv)
    _ddiv                                    0x08001839   Thumb Code   552  ddiv.o(x$fpl$ddiv)
    __aeabi_d2iz                             0x08001ae9   Thumb Code     0  dfix.o(x$fpl$dfix)
    _dfix                                    0x08001ae9   Thumb Code    94  dfix.o(x$fpl$dfix)
    __aeabi_d2uiz                            0x08001b49   Thumb Code     0  dfixu.o(x$fpl$dfixu)
    _dfixu                                   0x08001b49   Thumb Code    90  dfixu.o(x$fpl$dfixu)
    __aeabi_i2d                              0x08001ba3   Thumb Code     0  dflt_clz.o(x$fpl$dflt)
    _dflt                                    0x08001ba3   Thumb Code    46  dflt_clz.o(x$fpl$dflt)
    __aeabi_ui2d                             0x08001bd1   Thumb Code     0  dflt_clz.o(x$fpl$dfltu)
    _dfltu                                   0x08001bd1   Thumb Code    38  dflt_clz.o(x$fpl$dfltu)
    __aeabi_cdcmple                          0x08001bf9   Thumb Code     0  dleqf.o(x$fpl$dleqf)
    _dcmple                                  0x08001bf9   Thumb Code   120  dleqf.o(x$fpl$dleqf)
    __fpl_dcmple_InfNaN                      0x08001c5b   Thumb Code     0  dleqf.o(x$fpl$dleqf)
    __aeabi_dmul                             0x08001c71   Thumb Code     0  dmul.o(x$fpl$dmul)
    _dmul                                    0x08001c71   Thumb Code   332  dmul.o(x$fpl$dmul)
    __fpl_dnaninf                            0x08001dc5   Thumb Code   156  dnaninf.o(x$fpl$dnaninf)
    __fpl_dretinf                            0x08001e61   Thumb Code    12  dretinf.o(x$fpl$dretinf)
    __aeabi_dsub                             0x08001e6d   Thumb Code     0  daddsub_clz.o(x$fpl$dsub)
    _dsub                                    0x08001e6d   Thumb Code   464  daddsub_clz.o(x$fpl$dsub)
    _fp_init                                 0x08002041   Thumb Code    10  fpinit.o(x$fpl$fpinit)
    __fplib_config_fpu_vfp                   0x08002049   Thumb Code     0  fpinit.o(x$fpl$fpinit)
    __fplib_config_pureend_doubles           0x08002049   Thumb Code     0  fpinit.o(x$fpl$fpinit)
    __I$use$fp                               0x0800204a   Number         0  usenofp.o(x$fpl$usenofp)
    Region$$Table$$Base                      0x08002084   Number         0  anon$$obj.o(Region$$Table)
    Region$$Table$$Limit                     0x080020a4   Number         0  anon$$obj.o(Region$$Table)
    msTicks                                  0x20000000   Data           4  lab4.o(.data)
    __stdout                                 0x20000004   Data           4  retarget.o(.data)
    __stdin                                  0x20000008   Data           4  retarget.o(.data)
    ITM_RxBuffer                             0x2000000c   Data           4  retarget.o(.data)
    SystemCoreClock                          0x20000024   Data           4  system_stm32f4xx.o(.data)
    textbuffer                               0x20000028   Data          34  lab4.o(.bss)
    _random_number_data                      0x2000d34c   Data         228  rand.o(.bss)
    __libspace_start                         0x2000d430   Data          96  libspace.o(.bss)
    __temporary_stack_top$libspace           0x2000d490   Data           0  libspace.o(.bss)



==============================================================================

Memory Map of the image

  Image Entry point : 0x0800029d

  Load Region LR_1 (Base: 0x08000000, Size: 0x000020cc, Max: 0xffffffff, ABSOLUTE)

    Execution Region ER_RO (Exec base: 0x08000000, Load base: 0x08000000, Size: 0x000020a4, Max: 0xffffffff, ABSOLUTE)

    Exec Addr    Load Addr    Size         Type   Attr      Idx    E Section Name        Object

    0x08000000   0x08000000   0x00000188   Data   RO          431    RESET               startup_stm32f417xx.o
    0x08000188   0x08000188   0x00000008   Code   RO          556  * !!!main             c_w.l(__main.o)
    0x08000190   0x08000190   0x00000034   Code   RO          757    !!!scatter          c_w.l(__scatter.o)
    0x080001c4   0x080001c4   0x0000001a   Code   RO          759    !!handler_copy      c_w.l(__scatter_copy.o)
    0x080001de   0x080001de   0x00000002   PAD
    0x080001e0   0x080001e0   0x0000001c   Code   RO          761    !!handler_zi        c_w.l(__scatter_zi.o)
    0x080001fc   0x080001fc   0x00000000   Code   RO          538    .ARM.Collect$$_printf_percent$$00000000  c_w.l(_printf_percent.o)
    0x080001fc   0x080001fc   0x00000006   Code   RO          536    .ARM.Collect$$_printf_percent$$00000002  c_w.l(_printf_p.o)
    0x08000202   0x08000202   0x00000006   Code   RO          537    .ARM.Collect$$_printf_percent$$00000009  c_w.l(_printf_d.o)
    0x08000208   0x08000208   0x00000006   Code   RO          535    .ARM.Collect$$_printf_percent$$0000000C  c_w.l(_printf_x.o)
    0x0800020e   0x0800020e   0x00000006   Code   RO          534    .ARM.Collect$$_printf_percent$$00000014  c_w.l(_printf_s.o)
    0x08000214   0x08000214   0x00000004   Code   RO          597    .ARM.Collect$$_printf_percent$$00000017  c_w.l(_printf_percent_end.o)
    0x08000218   0x08000218   0x00000002   Code   RO          684    .ARM.Collect$$libinit$$00000000  c_w.l(libinit.o)
    0x0800021a   0x0800021a   0x00000004   Code   RO          598    .ARM.Collect$$libinit$$00000001  c_w.l(libinit2.o)
    0x0800021e   0x0800021e   0x00000000   Code   RO          601    .ARM.Collect$$libinit$$00000004  c_w.l(libinit2.o)
    0x0800021e   0x0800021e   0x00000000   Code   RO          604    .ARM.Collect$$libinit$$0000000A  c_w.l(libinit2.o)
    0x0800021e   0x0800021e   0x00000000   Code   RO          606    .ARM.Collect$$libinit$$0000000C  c_w.l(libinit2.o)
    0x0800021e   0x0800021e   0x00000004   Code   RO          607    .ARM.Collect$$libinit$$0000000D  c_w.l(libinit2.o)
    0x08000222   0x08000222   0x00000000   Code   RO          608    .ARM.Collect$$libinit$$0000000E  c_w.l(libinit2.o)
    0x08000222   0x08000222   0x00000000   Code   RO          611    .ARM.Collect$$libinit$$00000011  c_w.l(libinit2.o)
    0x08000222   0x08000222   0x00000000   Code   RO          613    .ARM.Collect$$libinit$$00000013  c_w.l(libinit2.o)
    0x08000222   0x08000222   0x00000000   Code   RO          615    .ARM.Collect$$libinit$$00000015  c_w.l(libinit2.o)
    0x08000222   0x08000222   0x00000000   Code   RO          617    .ARM.Collect$$libinit$$00000017  c_w.l(libinit2.o)
    0x08000222   0x08000222   0x00000000   Code   RO          619    .ARM.Collect$$libinit$$00000019  c_w.l(libinit2.o)
    0x08000222   0x08000222   0x00000000   Code   RO          621    .ARM.Collect$$libinit$$0000001B  c_w.l(libinit2.o)
    0x08000222   0x08000222   0x00000000   Code   RO          623    .ARM.Collect$$libinit$$0000001D  c_w.l(libinit2.o)
    0x08000222   0x08000222   0x00000000   Code   RO          625    .ARM.Collect$$libinit$$0000001F  c_w.l(libinit2.o)
    0x08000222   0x08000222   0x00000000   Code   RO          627    .ARM.Collect$$libinit$$00000021  c_w.l(libinit2.o)
    0x08000222   0x08000222   0x00000000   Code   RO          629    .ARM.Collect$$libinit$$00000023  c_w.l(libinit2.o)
    0x08000222   0x08000222   0x00000000   Code   RO          631    .ARM.Collect$$libinit$$00000025  c_w.l(libinit2.o)
    0x08000222   0x08000222   0x00000000   Code   RO          635    .ARM.Collect$$libinit$$0000002C  c_w.l(libinit2.o)
    0x08000222   0x08000222   0x00000000   Code   RO          637    .ARM.Collect$$libinit$$0000002E  c_w.l(libinit2.o)
    0x08000222   0x08000222   0x00000000   Code   RO          639    .ARM.Collect$$libinit$$00000030  c_w.l(libinit2.o)
    0x08000222   0x08000222   0x00000000   Code   RO          641    .ARM.Collect$$libinit$$00000032  c_w.l(libinit2.o)
    0x08000222   0x08000222   0x00000002   Code   RO          642    .ARM.Collect$$libinit$$00000033  c_w.l(libinit2.o)
    0x08000224   0x08000224   0x00000002   Code   RO          718    .ARM.Collect$$libshutdown$$00000000  c_w.l(libshutdown.o)
    0x08000226   0x08000226   0x00000000   Code   RO          722    .ARM.Collect$$libshutdown$$00000002  c_w.l(libshutdown2.o)
    0x08000226   0x08000226   0x00000000   Code   RO          724    .ARM.Collect$$libshutdown$$00000004  c_w.l(libshutdown2.o)
    0x08000226   0x08000226   0x00000000   Code   RO          726    .ARM.Collect$$libshutdown$$00000006  c_w.l(libshutdown2.o)
    0x08000226   0x08000226   0x00000000   Code   RO          729    .ARM.Collect$$libshutdown$$00000009  c_w.l(libshutdown2.o)
    0x08000226   0x08000226   0x00000000   Code   RO          732    .ARM.Collect$$libshutdown$$0000000C  c_w.l(libshutdown2.o)
    0x08000226   0x08000226   0x00000000   Code   RO          734    .ARM.Collect$$libshutdown$$0000000E  c_w.l(libshutdown2.o)
    0x08000226   0x08000226   0x00000000   Code   RO          737    .ARM.Collect$$libshutdown$$00000011  c_w.l(libshutdown2.o)
    0x08000226   0x08000226   0x00000002   Code   RO          738    .ARM.Collect$$libshutdown$$00000012  c_w.l(libshutdown2.o)
    0x08000228   0x08000228   0x00000000   Code   RO          586    .ARM.Collect$$rtentry$$00000000  c_w.l(__rtentry.o)
    0x08000228   0x08000228   0x00000000   Code   RO          651    .ARM.Collect$$rtentry$$00000002  c_w.l(__rtentry2.o)
    0x08000228   0x08000228   0x00000006   Code   RO          663    .ARM.Collect$$rtentry$$00000004  c_w.l(__rtentry4.o)
    0x0800022e   0x0800022e   0x00000000   Code   RO          653    .ARM.Collect$$rtentry$$00000009  c_w.l(__rtentry2.o)
    0x0800022e   0x0800022e   0x00000004   Code   RO          654    .ARM.Collect$$rtentry$$0000000A  c_w.l(__rtentry2.o)
    0x08000232   0x08000232   0x00000000   Code   RO          656    .ARM.Collect$$rtentry$$0000000C  c_w.l(__rtentry2.o)
    0x08000232   0x08000232   0x00000008   Code   RO          657    .ARM.Collect$$rtentry$$0000000D  c_w.l(__rtentry2.o)
    0x0800023a   0x0800023a   0x00000002   Code   RO          690    .ARM.Collect$$rtexit$$00000000  c_w.l(rtexit.o)
    0x0800023c   0x0800023c   0x00000000   Code   RO          700    .ARM.Collect$$rtexit$$00000002  c_w.l(rtexit2.o)
    0x0800023c   0x0800023c   0x00000004   Code   RO          701    .ARM.Collect$$rtexit$$00000003  c_w.l(rtexit2.o)
    0x08000240   0x08000240   0x00000006   Code   RO          702    .ARM.Collect$$rtexit$$00000004  c_w.l(rtexit2.o)
    0x08000246   0x08000246   0x00000002   PAD
    0x08000248   0x08000248   0x00000034   Code   RO          541    .emb_text           c_w.l(rand.o)
    0x0800027c   0x0800027c   0x0000001e   Code   RO          204    .text               svc.o
    0x0800029a   0x0800029a   0x00000002   PAD
    0x0800029c   0x0800029c   0x00000040   Code   RO          432  * .text               startup_stm32f417xx.o
    0x080002dc   0x080002dc   0x00000002   Code   RO          475    .text               c_w.l(use_no_semi.o)
    0x080002de   0x080002de   0x00000002   PAD
    0x080002e0   0x080002e0   0x00000018   Code   RO          481    .text               c_w.l(noretval__2printf.o)
    0x080002f8   0x080002f8   0x00000028   Code   RO          483    .text               c_w.l(noretval__2sprintf.o)
    0x08000320   0x08000320   0x0000004e   Code   RO          487    .text               c_w.l(_printf_pad.o)
    0x0800036e   0x0800036e   0x00000052   Code   RO          489    .text               c_w.l(_printf_str.o)
    0x080003c0   0x080003c0   0x00000078   Code   RO          491    .text               c_w.l(_printf_dec.o)
    0x08000438   0x08000438   0x0000007c   Code   RO          505    .text               c_w.l(_printf_hex_int_ptr.o)
    0x080004b4   0x080004b4   0x00000138   Code   RO          526    .text               c_w.l(__printf_flags_wp.o)
    0x080005ec   0x080005ec   0x0000004a   Code   RO          539    .text               c_w.l(fgets.o)
    0x08000636   0x08000636   0x00000002   PAD
    0x08000638   0x08000638   0x0000003c   Code   RO          542    .text               c_w.l(rand.o)
    0x08000674   0x08000674   0x0000003e   Code   RO          546    .text               c_w.l(strlen.o)
    0x080006b2   0x080006b2   0x0000008a   Code   RO          548    .text               c_w.l(rt_memcpy_v6.o)
    0x0800073c   0x0800073c   0x00000064   Code   RO          550    .text               c_w.l(rt_memcpy_w.o)
    0x080007a0   0x080007a0   0x0000004e   Code   RO          552    .text               c_w.l(rt_memclr_w.o)
    0x080007ee   0x080007ee   0x00000006   Code   RO          554    .text               c_w.l(heapauxi.o)
    0x080007f4   0x080007f4   0x000000b2   Code   RO          587    .text               c_w.l(_printf_intcommon.o)
    0x080008a6   0x080008a6   0x00000002   PAD
    0x080008a8   0x080008a8   0x00000030   Code   RO          589    .text               c_w.l(_printf_char_common.o)
    0x080008d8   0x080008d8   0x0000000a   Code   RO          591    .text               c_w.l(_sputc.o)
    0x080008e2   0x080008e2   0x0000002c   Code   RO          593    .text               c_w.l(_printf_char.o)
    0x0800090e   0x0800090e   0x00000002   PAD
    0x08000910   0x08000910   0x00000024   Code   RO          595    .text               c_w.l(_printf_char_file.o)
    0x08000934   0x08000934   0x0000004a   Code   RO          671    .text               c_w.l(sys_stackheap_outer.o)
    0x0800097e   0x0800097e   0x00000012   Code   RO          673    .text               c_w.l(exit.o)
    0x08000990   0x08000990   0x00000008   Code   RO          687    .text               c_w.l(libspace.o)
    0x08000998   0x08000998   0x0000000c   Code   RO            4    i.Device_Initialization  lab4.o
    0x080009a4   0x080009a4   0x00000034   Code   RO            5    i.EXTI0_IRQHandler  lab4.o
    0x080009d8   0x080009d8   0x00000034   Code   RO            6    i.EXTI1_IRQHandler  lab4.o
    0x08000a0c   0x08000a0c   0x00000034   Code   RO            7    i.EXTI2_IRQHandler  lab4.o
    0x08000a40   0x08000a40   0x00000030   Code   RO          132    i.ITM_SendChar      retarget.o
    0x08000a70   0x08000a70   0x0000003a   Code   RO          211    i.SVC_Handler_c     svc_1.o
    0x08000aaa   0x08000aaa   0x00000002   PAD
    0x08000aac   0x08000aac   0x00000010   Code   RO            8    i.SysTick_Handler   lab4.o
    0x08000abc   0x08000abc   0x0000001c   Code   RO          440    i.SystemInit        system_stm32f4xx.o
    0x08000ad8   0x08000ad8   0x00000024   Code   RO            9    i.__NVIC_DisableIRQ  lab4.o
    0x08000afc   0x08000afc   0x00000022   Code   RO           10    i.__NVIC_EnableIRQ  lab4.o
    0x08000b1e   0x08000b1e   0x00000002   PAD
    0x08000b20   0x08000b20   0x00000020   Code   RO          212    i.__SVC_0           svc_1.o
    0x08000b40   0x08000b40   0x00000020   Code   RO          213    i.__SVC_1           svc_1.o
    0x08000b60   0x08000b60   0x00000010   Code   RO          214    i.__SVC_2           svc_1.o
    0x08000b70   0x08000b70   0x00000010   Code   RO          215    i.__SVC_3           svc_1.o
    0x08000b80   0x08000b80   0x0000000e   Code   RO          524    i._is_digit         c_w.l(__printf_wp.o)
    0x08000b8e   0x08000b8e   0x00000004   Code   RO          133    i._sys_exit         retarget.o
    0x08000b92   0x08000b92   0x00000008   Code   RO          135    i.ferror            retarget.o
    0x08000b9a   0x08000b9a   0x00000002   PAD
    0x08000b9c   0x08000b9c   0x00000050   Code   RO          136    i.fgetc             retarget.o
    0x08000bec   0x08000bec   0x0000000e   Code   RO          137    i.fputc             retarget.o
    0x08000bfa   0x08000bfa   0x0000001c   Code   RO          301    i.get_gain          investor.o
    0x08000c16   0x08000c16   0x00000040   Code   RO          302    i.get_net_worth     investor.o
    0x08000c56   0x08000c56   0x00000002   PAD
    0x08000c58   0x08000c58   0x0000000c   Code   RO          303    i.get_num_buy       investor.o
    0x08000c64   0x08000c64   0x0000000c   Code   RO          304    i.get_num_sell      investor.o
    0x08000c70   0x08000c70   0x000001f4   Code   RO          305    i.investor_add_transaction  investor.o
    0x08000e64   0x08000e64   0x0000006c   Code   RO          306    i.investor_buy      investor.o
    0x08000ed0   0x08000ed0   0x00000098   Code   RO          307    i.investor_display  investor.o
    0x08000f68   0x08000f68   0x00000054   Code   RO          308    i.investor_init     investor.o
    0x08000fbc   0x08000fbc   0x00000064   Code   RO          309    i.investor_sell     investor.o
    0x08001020   0x08001020   0x0000019c   Code   RO           11    i.main              lab4.o
    0x080011bc   0x080011bc   0x00000024   Code   RO          263    i.stock_display     stock.o
    0x080011e0   0x080011e0   0x00000148   Code   RO          388    i.stock_exchange_display_stats  stock_exchange.o
    0x08001328   0x08001328   0x00000080   Code   RO          389    i.stock_exchange_get_random_stock  stock_exchange.o
    0x080013a8   0x080013a8   0x00000124   Code   RO          390    i.stock_exchange_init  stock_exchange.o
    0x080014cc   0x080014cc   0x00000020   Code   RO          391    i.stock_exchange_update  stock_exchange.o
    0x080014ec   0x080014ec   0x00000114   Code   RO          264    i.stock_get_cur_value  stock.o
    0x08001600   0x08001600   0x00000050   Code   RO          265    i.stock_initial_public_offering  stock.o
    0x08001650   0x08001650   0x00000080   Code   RO           12    i.sys_clock_timer_init  lab4.o
    0x080016d0   0x080016d0   0x00000150   Code   RO          558    x$fpl$dadd          fz_wm.l(daddsub_clz.o)
    0x08001820   0x08001820   0x00000018   Code   RO          643    x$fpl$dcmpinf       fz_wm.l(dcmpi.o)
    0x08001838   0x08001838   0x000002b0   Code   RO          565    x$fpl$ddiv          fz_wm.l(ddiv.o)
    0x08001ae8   0x08001ae8   0x0000005e   Code   RO          568    x$fpl$dfix          fz_wm.l(dfix.o)
    0x08001b46   0x08001b46   0x00000002   PAD
    0x08001b48   0x08001b48   0x0000005a   Code   RO          572    x$fpl$dfixu         fz_wm.l(dfixu.o)
    0x08001ba2   0x08001ba2   0x0000002e   Code   RO          577    x$fpl$dflt          fz_wm.l(dflt_clz.o)
    0x08001bd0   0x08001bd0   0x00000026   Code   RO          576    x$fpl$dfltu         fz_wm.l(dflt_clz.o)
    0x08001bf6   0x08001bf6   0x00000002   PAD
    0x08001bf8   0x08001bf8   0x00000078   Code   RO          582    x$fpl$dleqf         fz_wm.l(dleqf.o)
    0x08001c70   0x08001c70   0x00000154   Code   RO          584    x$fpl$dmul          fz_wm.l(dmul.o)
    0x08001dc4   0x08001dc4   0x0000009c   Code   RO          645    x$fpl$dnaninf       fz_wm.l(dnaninf.o)
    0x08001e60   0x08001e60   0x0000000c   Code   RO          647    x$fpl$dretinf       fz_wm.l(dretinf.o)
    0x08001e6c   0x08001e6c   0x000001d4   Code   RO          560    x$fpl$dsub          fz_wm.l(daddsub_clz.o)
    0x08002040   0x08002040   0x0000000a   Code   RO          669    x$fpl$fpinit        fz_wm.l(fpinit.o)
    0x0800204a   0x0800204a   0x00000000   Code   RO          649    x$fpl$usenofp       fz_wm.l(usenofp.o)
    0x0800204a   0x0800204a   0x00000028   Data   RO          506    .constdata          c_w.l(_printf_hex_int_ptr.o)
    0x08002072   0x08002072   0x00000011   Data   RO          527    .constdata          c_w.l(__printf_flags_wp.o)
    0x08002083   0x08002083   0x00000001   PAD
    0x08002084   0x08002084   0x00000020   Data   RO          755    Region$$Table       anon$$obj.o


    Execution Region ER_RW (Exec base: 0x20000000, Load base: 0x080020a4, Size: 0x00000028, Max: 0xffffffff, ABSOLUTE)

    Exec Addr    Load Addr    Size         Type   Attr      Idx    E Section Name        Object

    0x20000000   0x080020a4   0x00000004   Data   RW           14    .data               lab4.o
    0x20000004   0x080020a8   0x0000000c   Data   RW          138    .data               retarget.o
    0x20000010   0x080020b4   0x00000008   Data   RW          266    .data               stock.o
    0x20000018   0x080020bc   0x0000000c   Data   RW          310    .data               investor.o
    0x20000024   0x080020c8   0x00000004   Data   RW          442    .data               system_stm32f4xx.o


    Execution Region ER_ZI (Exec base: 0x20000028, Load base: 0x080020cc, Size: 0x0000da68, Max: 0xffffffff, ABSOLUTE)

    Exec Addr    Load Addr    Size         Type   Attr      Idx    E Section Name        Object

    0x20000028        -       0x00000022   Zero   RW           13    .bss                lab4.o
    0x2000004a   0x080020cc   0x00000002   PAD
    0x2000004c        -       0x0000d300   Zero   RW          392    .bss                stock_exchange.o
    0x2000d34c        -       0x000000e4   Zero   RW          543    .bss                c_w.l(rand.o)
    0x2000d430        -       0x00000060   Zero   RW          688    .bss                c_w.l(libspace.o)
    0x2000d490        -       0x00000200   Zero   RW          430    HEAP                startup_stm32f417xx.o
    0x2000d690        -       0x00000400   Zero   RW          429    STACK               startup_stm32f417xx.o


==============================================================================

Image component sizes


      Code (inc. data)   RO Data    RW Data    ZI Data      Debug   Object Name

      1060        130          0         12          0      12637   investor.o
       794        416          0          4         34     615697   lab4.o
       154         12          0         12          0      34948   retarget.o
        64         26        392          0       1536        896   startup_stm32f417xx.o
       392         60          0          8          0       2170   stock.o
       780        228          0          0      54016       3635   stock_exchange.o
        30          0          0          0          0        380   svc.o
       154         32          0          0          0       3140   svc_1.o
        28          4          0          4          0       1451   system_stm32f4xx.o

    ----------------------------------------------------------------------
      3466        908        424         40      55588     674954   Object Totals
         0          0         32          0          0          0   (incl. Generated)
        10          0          0          0          2          0   (incl. Padding)

    ----------------------------------------------------------------------

      Code (inc. data)   RO Data    RW Data    ZI Data      Debug   Library Member Name

         8          0          0          0          0         68   __main.o
       312          4         17          0          0         92   __printf_flags_wp.o
        14          0          0          0          0         68   __printf_wp.o
         0          0          0          0          0          0   __rtentry.o
        12          0          0          0          0          0   __rtentry2.o
         6          0          0          0          0          0   __rtentry4.o
        52          8          0          0          0          0   __scatter.o
        26          0          0          0          0          0   __scatter_copy.o
        28          0          0          0          0          0   __scatter_zi.o
        44          0          0          0          0        108   _printf_char.o
        48          6          0          0          0         96   _printf_char_common.o
        36          4          0          0          0         80   _printf_char_file.o
         6          0          0          0          0          0   _printf_d.o
       120         16          0          0          0         92   _printf_dec.o
       124          4         40          0          0        144   _printf_hex_int_ptr.o
       178          0          0          0          0         88   _printf_intcommon.o
         6          0          0          0          0          0   _printf_p.o
        78          0          0          0          0        108   _printf_pad.o
         0          0          0          0          0          0   _printf_percent.o
         4          0          0          0          0          0   _printf_percent_end.o
         6          0          0          0          0          0   _printf_s.o
        82          0          0          0          0         80   _printf_str.o
         6          0          0          0          0          0   _printf_x.o
        10          0          0          0          0         68   _sputc.o
        18          0          0          0          0         80   exit.o
        74          0          0          0          0         84   fgets.o
         6          0          0          0          0        152   heapauxi.o
         2          0          0          0          0          0   libinit.o
        10          0          0          0          0          0   libinit2.o
         2          0          0          0          0          0   libshutdown.o
         2          0          0          0          0          0   libshutdown2.o
         8          4          0          0         96         68   libspace.o
        24          4          0          0          0         84   noretval__2printf.o
        40          6          0          0          0         84   noretval__2sprintf.o
       112         18          0          0        228        160   rand.o
        78          0          0          0          0         80   rt_memclr_w.o
       138          0          0          0          0         68   rt_memcpy_v6.o
       100          0          0          0          0         80   rt_memcpy_w.o
         2          0          0          0          0          0   rtexit.o
        10          0          0          0          0          0   rtexit2.o
        62          0          0          0          0         76   strlen.o
        74          0          0          0          0         80   sys_stackheap_outer.o
         2          0          0          0          0         68   use_no_semi.o
       804         16          0          0          0        368   daddsub_clz.o
        24          0          0          0          0        116   dcmpi.o
       688        140          0          0          0        256   ddiv.o
        94          4          0          0          0        140   dfix.o
        90          4          0          0          0        140   dfixu.o
        84          0          0          0          0        232   dflt_clz.o
       120          4          0          0          0        140   dleqf.o
       340         12          0          0          0        152   dmul.o
       156          4          0          0          0        140   dnaninf.o
        12          0          0          0          0        116   dretinf.o
        10          0          0          0          0        116   fpinit.o
         0          0          0          0          0          0   usenofp.o

    ----------------------------------------------------------------------
      4408        258         58          0        324       4172   Library Totals
        16          0          1          0          0          0   (incl. Padding)

    ----------------------------------------------------------------------

      Code (inc. data)   RO Data    RW Data    ZI Data      Debug   Library Name

      1970         74         57          0        324       2256   c_w.l
      2422        184          0          0          0       1916   fz_wm.l

    ----------------------------------------------------------------------
      4408        258         58          0        324       4172   Library Totals

    ----------------------------------------------------------------------

==============================================================================


      Code (inc. data)   RO Data    RW Data    ZI Data      Debug   

      7874       1166        482         40      55912     673482   Grand Totals
      7874       1166        482         40      55912     673482   ELF Image Totals
      7874       1166        482         40          0          0   ROM Totals

==============================================================================

    Total RO  Size (Code + RO Data)                 8356 (   8.16kB)
    Total RW  Size (RW Data + ZI Data)             55952 (  54.64kB)
    Total ROM Size (Code + RO Data + RW Data)       8396 (   8.20kB)

==============================================================================

